Archive member included to satisfy reference by file (symbol)

/usr/lib/gcc/arm-none-eabi/10.3.1/../../../arm-none-eabi/lib/thumb/v7e-m+fp/hard/libstdc++_nano.a(atexit_arm.o)
                              CMakeFiles/Dust_InfantryRobotChassis.elf.dir/topic_center/message_center.cpp.obj (__aeabi_atexit)
/usr/lib/gcc/arm-none-eabi/10.3.1/../../../arm-none-eabi/lib/thumb/v7e-m+fp/hard/libstdc++_nano.a(del_ops.o)
                              CMakeFiles/Dust_InfantryRobotChassis.elf.dir/topic_center/message_center.cpp.obj (operator delete(void*, unsigned int))
/usr/lib/gcc/arm-none-eabi/10.3.1/../../../arm-none-eabi/lib/thumb/v7e-m+fp/hard/libstdc++_nano.a(guard.o)
                              CMakeFiles/Dust_InfantryRobotChassis.elf.dir/topic_center/message_center.cpp.obj (__cxa_guard_acquire)
/usr/lib/gcc/arm-none-eabi/10.3.1/../../../arm-none-eabi/lib/thumb/v7e-m+fp/hard/libstdc++_nano.a(new_op.o)
                              CMakeFiles/Dust_InfantryRobotChassis.elf.dir/topic_center/message_center.cpp.obj (operator new(unsigned int))
/usr/lib/gcc/arm-none-eabi/10.3.1/../../../arm-none-eabi/lib/thumb/v7e-m+fp/hard/libstdc++_nano.a(functexcept.o)
                              CMakeFiles/Dust_InfantryRobotChassis.elf.dir/topic_center/message_center.cpp.obj (std::__throw_bad_alloc())
/usr/lib/gcc/arm-none-eabi/10.3.1/../../../arm-none-eabi/lib/thumb/v7e-m+fp/hard/libstdc++_nano.a(snprintf_lite.o)
                              /usr/lib/gcc/arm-none-eabi/10.3.1/../../../arm-none-eabi/lib/thumb/v7e-m+fp/hard/libstdc++_nano.a(functexcept.o) (__gnu_cxx::__snprintf_lite(char*, unsigned int, char const*, std::__va_list))
/usr/lib/gcc/arm-none-eabi/10.3.1/../../../arm-none-eabi/lib/thumb/v7e-m+fp/hard/libstdc++_nano.a(del_op.o)
                              /usr/lib/gcc/arm-none-eabi/10.3.1/../../../arm-none-eabi/lib/thumb/v7e-m+fp/hard/libstdc++_nano.a(del_ops.o) (operator delete(void*))
/usr/lib/gcc/arm-none-eabi/10.3.1/../../../arm-none-eabi/lib/thumb/v7e-m+fp/hard/libstdc++_nano.a(new_handler.o)
                              /usr/lib/gcc/arm-none-eabi/10.3.1/../../../arm-none-eabi/lib/thumb/v7e-m+fp/hard/libstdc++_nano.a(new_op.o) (std::get_new_handler())
/usr/lib/gcc/arm-none-eabi/10.3.1/thumb/v7e-m+fp/hard/libgcc.a(_aeabi_uldivmod.o)
                              CMakeFiles/Dust_InfantryRobotChassis.elf.dir/ThirdParty/STM32H7xx_HAL_Driver/Src/stm32h7xx_hal_uart.c.obj (__aeabi_uldivmod)
/usr/lib/gcc/arm-none-eabi/10.3.1/thumb/v7e-m+fp/hard/libgcc.a(_udivmoddi4.o)
                              /usr/lib/gcc/arm-none-eabi/10.3.1/thumb/v7e-m+fp/hard/libgcc.a(_aeabi_uldivmod.o) (__udivmoddi4)
/usr/lib/gcc/arm-none-eabi/10.3.1/thumb/v7e-m+fp/hard/libgcc.a(_dvmd_tls.o)
                              /usr/lib/gcc/arm-none-eabi/10.3.1/thumb/v7e-m+fp/hard/libgcc.a(_aeabi_uldivmod.o) (__aeabi_ldiv0)
/usr/lib/gcc/arm-none-eabi/10.3.1/../../../arm-none-eabi/lib/thumb/v7e-m+fp/hard/libg_nano.a(lib_a-abort.o)
                              /usr/lib/gcc/arm-none-eabi/10.3.1/../../../arm-none-eabi/lib/thumb/v7e-m+fp/hard/libstdc++_nano.a(new_op.o) (abort)
/usr/lib/gcc/arm-none-eabi/10.3.1/../../../arm-none-eabi/lib/thumb/v7e-m+fp/hard/libg_nano.a(lib_a-atexit.o)
                              /usr/lib/gcc/arm-none-eabi/10.3.1/../../../arm-none-eabi/lib/thumb/v7e-m+fp/hard/crt0.o (atexit)
/usr/lib/gcc/arm-none-eabi/10.3.1/../../../arm-none-eabi/lib/thumb/v7e-m+fp/hard/libg_nano.a(lib_a-cxa_atexit.o)
                              /usr/lib/gcc/arm-none-eabi/10.3.1/../../../arm-none-eabi/lib/thumb/v7e-m+fp/hard/libstdc++_nano.a(atexit_arm.o) (__cxa_atexit)
/usr/lib/gcc/arm-none-eabi/10.3.1/../../../arm-none-eabi/lib/thumb/v7e-m+fp/hard/libg_nano.a(lib_a-errno.o)
                              CMakeFiles/Dust_InfantryRobotChassis.elf.dir/Board/dm-h723/Src/syscalls.c.obj (__errno)
/usr/lib/gcc/arm-none-eabi/10.3.1/../../../arm-none-eabi/lib/thumb/v7e-m+fp/hard/libg_nano.a(lib_a-exit.o)
                              /usr/lib/gcc/arm-none-eabi/10.3.1/../../../arm-none-eabi/lib/thumb/v7e-m+fp/hard/crt0.o (exit)
/usr/lib/gcc/arm-none-eabi/10.3.1/../../../arm-none-eabi/lib/thumb/v7e-m+fp/hard/libg_nano.a(lib_a-fini.o)
                              /usr/lib/gcc/arm-none-eabi/10.3.1/../../../arm-none-eabi/lib/thumb/v7e-m+fp/hard/crt0.o (__libc_fini_array)
/usr/lib/gcc/arm-none-eabi/10.3.1/../../../arm-none-eabi/lib/thumb/v7e-m+fp/hard/libg_nano.a(lib_a-impure.o)
                              /usr/lib/gcc/arm-none-eabi/10.3.1/../../../arm-none-eabi/lib/thumb/v7e-m+fp/hard/libg_nano.a(lib_a-exit.o) (_global_impure_ptr)
/usr/lib/gcc/arm-none-eabi/10.3.1/../../../arm-none-eabi/lib/thumb/v7e-m+fp/hard/libg_nano.a(lib_a-init.o)
                              /usr/lib/gcc/arm-none-eabi/10.3.1/../../../arm-none-eabi/lib/thumb/v7e-m+fp/hard/crt0.o (__libc_init_array)
/usr/lib/gcc/arm-none-eabi/10.3.1/../../../arm-none-eabi/lib/thumb/v7e-m+fp/hard/libg_nano.a(lib_a-malloc.o)
[...]
Memory Configuration

Name             Origin             Length             Attributes
ITCMRAM          0x0000000000000000 0x0000000000010000 xrw
DTCMRAM          0x0000000020000000 0x0000000000020000 xrw
FLASH            0x0000000008000000 0x0000000000100000 xr
RAM_D1           0x0000000024000000 0x0000000000050000 xrw
RAM_D2           0x0000000030000000 0x0000000000008000 xrw
RAM_D3           0x0000000038000000 0x0000000000004000 xrw
*default*        0x0000000000000000 0xffffffffffffffff

Linker script and memory map

LOAD /usr/lib/gcc/arm-none-eabi/10.3.1/thumb/v7e-m+fp/hard/crti.o
LOAD /usr/lib/gcc/arm-none-eabi/10.3.1/thumb/v7e-m+fp/hard/crtbegin.o
LOAD /usr/lib/gcc/arm-none-eabi/10.3.1/../../../arm-none-eabi/lib/thumb/v7e-m+fp/hard/crt0.o
LOAD CMakeFiles/Dust_InfantryRobotChassis.elf.dir/Board/dm-h723/Src/dma.c.obj
LOAD CMakeFiles/Dust_InfantryRobotChassis.elf.dir/Board/dm-h723/Src/fdcan.c.obj
LOAD CMakeFiles/Dust_InfantryRobotChassis.elf.dir/Board/dm-h723/Src/freertos.c.obj
LOAD CMakeFiles/Dust_InfantryRobotChassis.elf.dir/Board/dm-h723/Src/gpio.c.obj
LOAD CMakeFiles/Dust_InfantryRobotChassis.elf.dir/Board/dm-h723/Src/main.c.obj
LOAD CMakeFiles/Dust_InfantryRobotChassis.elf.dir/Board/dm-h723/Src/memorymap.c.obj
LOAD CMakeFiles/Dust_InfantryRobotChassis.elf.dir/Board/dm-h723/Src/spi.c.obj
LOAD CMakeFiles/Dust_InfantryRobotChassis.elf.dir/Board/dm-h723/Src/stm32h7xx_hal_msp.c.obj
LOAD CMakeFiles/Dust_InfantryRobotChassis.elf.dir/Board/dm-h723/Src/stm32h7xx_hal_timebase_tim.c.obj
LOAD CMakeFiles/Dust_InfantryRobotChassis.elf.dir/Board/dm-h723/Src/stm32h7xx_it.c.obj
LOAD CMakeFiles/Dust_InfantryRobotChassis.elf.dir/Board/dm-h723/Src/syscalls.c.obj
LOAD CMakeFiles/Dust_InfantryRobotChassis.elf.dir/Board/dm-h723/Src/sysmem.c.obj
LOAD CMakeFiles/Dust_InfantryRobotChassis.elf.dir/Board/dm-h723/Src/system_stm32h7xx.c.obj
LOAD CMakeFiles/Dust_InfantryRobotChassis.elf.dir/Board/dm-h723/Src/tim.c.obj
LOAD CMakeFiles/Dust_InfantryRobotChassis.elf.dir/Board/dm-h723/Src/usart.c.obj
LOAD CMakeFiles/Dust_InfantryRobotChassis.elf.dir/Board/dm-h723/Src/usb_device.c.obj
LOAD CMakeFiles/Dust_InfantryRobotChassis.elf.dir/Board/dm-h723/Src/usbd_cdc_if.c.obj
LOAD CMakeFiles/Dust_InfantryRobotChassis.elf.dir/Board/dm-h723/Src/usbd_conf.c.obj
LOAD CMakeFiles/Dust_InfantryRobotChassis.elf.dir/Board/dm-h723/Src/usbd_desc.c.obj
LOAD CMakeFiles/Dust_InfantryRobotChassis.elf.dir/Board/dm-h723/startup_stm32h723vgtx.s.obj
LOAD CMakeFiles/Dust_InfantryRobotChassis.elf.dir/ThirdParty/FreeRTOS/Source/CMSIS_RTOS_V2/cmsis_os2.c.obj
LOAD CMakeFiles/Dust_InfantryRobotChassis.elf.dir/ThirdParty/FreeRTOS/Source/croutine.c.obj
LOAD CMakeFiles/Dust_InfantryRobotChassis.elf.dir/ThirdParty/FreeRTOS/Source/event_groups.c.obj
LOAD CMakeFiles/Dust_InfantryRobotChassis.elf.dir/ThirdParty/FreeRTOS/Source/list.c.obj
LOAD CMakeFiles/Dust_InfantryRobotChassis.elf.dir/ThirdParty/FreeRTOS/Source/portable/GCC/ARM_CM4F/port.c.obj
LOAD CMakeFiles/Dust_InfantryRobotChassis.elf.dir/ThirdParty/FreeRTOS/Source/portable/MemMang/heap_4.c.obj
LOAD CMakeFiles/Dust_InfantryRobotChassis.elf.dir/ThirdParty/FreeRTOS/Source/queue.c.obj
LOAD CMakeFiles/Dust_InfantryRobotChassis.elf.dir/ThirdParty/FreeRTOS/Source/stream_buffer.c.obj
LOAD CMakeFiles/Dust_InfantryRobotChassis.elf.dir/ThirdParty/FreeRTOS/Source/tasks.c.obj
LOAD CMakeFiles/Dust_InfantryRobotChassis.elf.dir/ThirdParty/FreeRTOS/Source/timers.c.obj
LOAD CMakeFiles/Dust_InfantryRobotChassis.elf.dir/ThirdParty/SEGGER/RTT/SEGGER_RTT.c.obj
LOAD CMakeFiles/Dust_InfantryRobotChassis.elf.dir/ThirdParty/SEGGER/RTT/SEGGER_RTT_ASM_ARMv7M.s.obj
LOAD CMakeFiles/Dust_InfantryRobotChassis.elf.dir/ThirdParty/SEGGER/RTT/SEGGER_RTT_printf.c.obj
LOAD CMakeFiles/Dust_InfantryRobotChassis.elf.dir/ThirdParty/STM32H7xx_HAL_Driver/Src/stm32h7xx_hal.c.obj
LOAD CMakeFiles/Dust_InfantryRobotChassis.elf.dir/ThirdParty/STM32H7xx_HAL_Driver/Src/stm32h7xx_hal_cortex.c.obj
LOAD CMakeFiles/Dust_InfantryRobotChassis.elf.dir/ThirdParty/STM32H7xx_HAL_Driver/Src/stm32h7xx_hal_dma.c.obj
LOAD CMakeFiles/Dust_InfantryRobotChassis.elf.dir/ThirdParty/STM32H7xx_HAL_Driver/Src/stm32h7xx_hal_dma_ex.c.obj
LOAD CMakeFiles/Dust_InfantryRobotChassis.elf.dir/ThirdParty/STM32H7xx_HAL_Driver/Src/stm32h7xx_hal_exti.c.obj
LOAD CMakeFiles/Dust_InfantryRobotChassis.elf.dir/ThirdParty/STM32H7xx_HAL_Driver/Src/stm32h7xx_hal_fdcan.c.obj
LOAD CMakeFiles/Dust_InfantryRobotChassis.elf.dir/ThirdParty/STM32H7xx_HAL_Driver/Src/stm32h7xx_hal_flash.c.obj
LOAD CMakeFiles/Dust_InfantryRobotChassis.elf.dir/ThirdParty/STM32H7xx_HAL_Driver/Src/stm32h7xx_hal_flash_ex.c.obj
LOAD CMakeFiles/Dust_InfantryRobotChassis.elf.dir/ThirdParty/STM32H7xx_HAL_Driver/Src/stm32h7xx_hal_gpio.c.obj
LOAD CMakeFiles/Dust_InfantryRobotChassis.elf.dir/ThirdParty/STM32H7xx_HAL_Driver/Src/stm32h7xx_hal_hsem.c.obj
LOAD CMakeFiles/Dust_InfantryRobotChassis.elf.dir/ThirdParty/STM32H7xx_HAL_Driver/Src/stm32h7xx_hal_i2c.c.obj
LOAD CMakeFiles/Dust_InfantryRobotChassis.elf.dir/ThirdParty/STM32H7xx_HAL_Driver/Src/stm32h7xx_hal_i2c_ex.c.obj
LOAD CMakeFiles/Dust_InfantryRobotChassis.elf.dir/ThirdParty/STM32H7xx_HAL_Driver/Src/stm32h7xx_hal_mdma.c.obj
LOAD CMakeFiles/Dust_InfantryRobotChassis.elf.dir/ThirdParty/STM32H7xx_HAL_Driver/Src/stm32h7xx_hal_pcd.c.obj
LOAD CMakeFiles/Dust_InfantryRobotChassis.elf.dir/ThirdParty/STM32H7xx_HAL_Driver/Src/stm32h7xx_hal_pcd_ex.c.obj
LOAD CMakeFiles/Dust_InfantryRobotChassis.elf.dir/ThirdParty/STM32H7xx_HAL_Driver/Src/stm32h7xx_hal_pwr.c.obj
LOAD CMakeFiles/Dust_InfantryRobotChassis.elf.dir/ThirdParty/STM32H7xx_HAL_Driver/Src/stm32h7xx_hal_pwr_ex.c.obj
LOAD CMakeFiles/Dust_InfantryRobotChassis.elf.dir/ThirdParty/STM32H7xx_HAL_Driver/Src/stm32h7xx_hal_rcc.c.obj
LOAD CMakeFiles/Dust_InfantryRobotChassis.elf.dir/ThirdParty/STM32H7xx_HAL_Driver/Src/stm32h7xx_hal_rcc_ex.c.obj
LOAD CMakeFiles/Dust_InfantryRobotChassis.elf.dir/ThirdParty/STM32H7xx_HAL_Driver/Src/stm32h7xx_hal_spi.c.obj
LOAD CMakeFiles/Dust_InfantryRobotChassis.elf.dir/ThirdParty/STM32H7xx_HAL_Driver/Src/stm32h7xx_hal_spi_ex.c.obj
LOAD CMakeFiles/Dust_InfantryRobotChassis.elf.dir/ThirdParty/STM32H7xx_HAL_Driver/Src/stm32h7xx_hal_tim.c.obj
LOAD CMakeFiles/Dust_InfantryRobotChassis.elf.dir/ThirdParty/STM32H7xx_HAL_Driver/Src/stm32h7xx_hal_tim_ex.c.obj
LOAD CMakeFiles/Dust_InfantryRobotChassis.elf.dir/ThirdParty/STM32H7xx_HAL_Driver/Src/stm32h7xx_hal_uart.c.obj
LOAD CMakeFiles/Dust_InfantryRobotChassis.elf.dir/ThirdParty/STM32H7xx_HAL_Driver/Src/stm32h7xx_hal_uart_ex.c.obj
LOAD CMakeFiles/Dust_InfantryRobotChassis.elf.dir/ThirdParty/STM32H7xx_HAL_Driver/Src/stm32h7xx_ll_usb.c.obj
LOAD CMakeFiles/Dust_InfantryRobotChassis.elf.dir/ThirdParty/STM32_USB_Device_Library/Class/CDC/Src/usbd_cdc.c.obj
LOAD CMakeFiles/Dust_InfantryRobotChassis.elf.dir/ThirdParty/STM32_USB_Device_Library/Core/Src/usbd_core.c.obj
LOAD CMakeFiles/Dust_InfantryRobotChassis.elf.dir/ThirdParty/STM32_USB_Device_Library/Core/Src/usbd_ctlreq.c.obj
LOAD CMakeFiles/Dust_InfantryRobotChassis.elf.dir/ThirdParty/STM32_USB_Device_Library/Core/Src/usbd_ioreq.c.obj
LOAD CMakeFiles/Dust_InfantryRobotChassis.elf.dir/main.cpp.obj
LOAD CMakeFiles/Dust_InfantryRobotChassis.elf.dir/topic_center/message_center.cpp.obj
LOAD /home/noe/codes/topics_workqueue/topic_center_rtos/ThirdParty/ARM/DSP/Lib/libarm_cortexM7lfsp_math.a
LOAD /usr/lib/gcc/arm-none-eabi/10.3.1/../../../arm-none-eabi/lib/thumb/v7e-m+fp/hard/libstdc++_nano.a
LOAD /usr/lib/gcc/arm-none-eabi/10.3.1/../../../arm-none-eabi/lib/thumb/v7e-m+fp/hard/libm.a
START GROUP
LOAD /usr/lib/gcc/arm-none-eabi/10.3.1/thumb/v7e-m+fp/hard/libgcc.a
LOAD /usr/lib/gcc/arm-none-eabi/10.3.1/../../../arm-none-eabi/lib/thumb/v7e-m+fp/hard/libg_nano.a
LOAD /usr/lib/gcc/arm-none-eabi/10.3.1/../../../arm-none-eabi/lib/thumb/v7e-m+fp/hard/libc_nano.a
END GROUP
START GROUP
LOAD /usr/lib/gcc/arm-none-eabi/10.3.1/thumb/v7e-m+fp/hard/libgcc.a
LOAD /usr/lib/gcc/arm-none-eabi/10.3.1/../../../arm-none-eabi/lib/thumb/v7e-m+fp/hard/libc_nano.a
END GROUP
LOAD /usr/lib/gcc/arm-none-eabi/10.3.1/thumb/v7e-m+fp/hard/crtend.o
LOAD /usr/lib/gcc/arm-none-eabi/10.3.1/thumb/v7e-m+fp/hard/crtn.o
                0x0000000024050000                _estack = (ORIGIN (RAM_D1) + LENGTH (RAM_D1))
                0x0000000000000200                _Min_Heap_Size = 0x200
                0x0000000000000400                _Min_Stack_Size = 0x400

.isr_vector     0x0000000008000000      0x2cc
                0x0000000008000000                . = ALIGN (0x4)
 *(.isr_vector)
 .isr_vector    0x0000000008000000      0x2cc CMakeFiles/Dust_InfantryRobotChassis.elf.dir/Board/dm-h723/startup_stm32h723vgtx.s.obj
                0x0000000008000000                g_pfnVectors
                0x00000000080002cc                . = ALIGN (0x4)

.text           0x00000000080002d0     0xce5c
                0x00000000080002d0                . = ALIGN (0x4)
 *(.text)
 .text          0x00000000080002d0       0x88 /usr/lib/gcc/arm-none-eabi/10.3.1/thumb/v7e-m+fp/hard/crtbegin.o
 .text          0x0000000008000358       0x30 /usr/lib/gcc/arm-none-eabi/10.3.1/thumb/v7e-m+fp/hard/libgcc.a(_aeabi_uldivmod.o)
                0x0000000008000358                __aeabi_uldivmod
 .text          0x0000000008000388      0x2d0 /usr/lib/gcc/arm-none-eabi/10.3.1/thumb/v7e-m+fp/hard/libgcc.a(_udivmoddi4.o)
                0x0000000008000388                __udivmoddi4
 .text          0x0000000008000658        0x4 /usr/lib/gcc/arm-none-eabi/10.3.1/thumb/v7e-m+fp/hard/libgcc.a(_dvmd_tls.o)
                0x0000000008000658                __aeabi_ldiv0
                0x0000000008000658                __aeabi_idiv0
 .text          0x000000000800065c        0xc /usr/lib/gcc/arm-none-eabi/10.3.1/../../../arm-none-eabi/lib/thumb/v7e-m+fp/hard/libg_nano.a(lib_a-errno.o)
                0x000000000800065c                __errno
 .text          0x0000000008000668       0x48 /usr/lib/gcc/arm-none-eabi/10.3.1/../../../arm-none-eabi/lib/thumb/v7e-m+fp/hard/libg_nano.a(lib_a-init.o)
                0x0000000008000668                __libc_init_array
 .text          0x00000000080006b0      0x134 /usr/lib/gcc/arm-none-eabi/10.3.1/../../../arm-none-eabi/lib/thumb/v7e-m+fp/hard/libg_nano.a(lib_a-memcpy.o)
                0x00000000080006b0                memcpy
 .text          0x00000000080007e4       0xa4 /usr/lib/gcc/arm-none-eabi/10.3.1/../../../arm-none-eabi/lib/thumb/v7e-m+fp/hard/libg_nano.a(lib_a-memset.o)
                0x00000000080007e4                memset
 .text          0x0000000008000888       0xc4 /usr/lib/gcc/arm-none-eabi/10.3.1/../../../arm-none-eabi/lib/thumb/v7e-m+fp/hard/libg_nano.a(lib_a-nano-freer.o)
                0x0000000008000888                _free_r
 .text          0x000000000800094c       0xb4 /usr/lib/gcc/arm-none-eabi/10.3.1/../../../arm-none-eabi/lib/thumb/v7e-m+fp/hard/libg_nano.a(lib_a-nano-mallocr.o)
                0x000000000800094c                _malloc_r
 .text          0x0000000008000a00       0x24 /usr/lib/gcc/arm-none-eabi/10.3.1/../../../arm-none-eabi/lib/thumb/v7e-m+fp/hard/libg_nano.a(lib_a-sbrkr.o)
                0x0000000008000a00                _sbrk_r
 .text          0x0000000008000a24      0x108 /usr/lib/gcc/arm-none-eabi/10.3.1/../../../arm-none-eabi/lib/thumb/v7e-m+fp/hard/libg_nano.a(lib_a-snprintf.o)
                0x0000000008000a24                _sniprintf_r
                0x0000000008000a24                _snprintf_r
                0x0000000008000aa4                snprintf
                0x0000000008000aa4                sniprintf
 .text          0x0000000008000b2c        0x8 /usr/lib/gcc/arm-none-eabi/10.3.1/../../../arm-none-eabi/lib/thumb/v7e-m+fp/hard/libg_nano.a(lib_a-mlock.o)
                0x0000000008000b2c                __malloc_lock
                0x0000000008000b30                __malloc_unlock
 .text          0x0000000008000b34      0x3f0 /usr/lib/gcc/arm-none-eabi/10.3.1/../../../arm-none-eabi/lib/thumb/v7e-m+fp/hard/libg_nano.a(lib_a-nano-svfprintf.o)
                0x0000000008000b34                __ssputs_r
                0x0000000008000bf8                __ssprint_r
                0x0000000008000cf0                _svfprintf_r
                0x0000000008000cf0                _svfiprintf_r
 .text          0x0000000008000f24      0x3dc /usr/lib/gcc/arm-none-eabi/10.3.1/../../../arm-none-eabi/lib/thumb/v7e-m+fp/hard/libg_nano.a(lib_a-nano-vfprintf_i.o)
                0x0000000008000f24                _printf_common
                0x0000000008001050                _printf_i
 .text          0x0000000008001300       0xa0 /usr/lib/gcc/arm-none-eabi/10.3.1/../../../arm-none-eabi/lib/thumb/v7e-m+fp/hard/libg_nano.a(lib_a-memchr.o)
                0x0000000008001300                memchr
 .text          0x00000000080013a0       0xf8 /usr/lib/gcc/arm-none-eabi/10.3.1/../../../arm-none-eabi/lib/thumb/v7e-m+fp/hard/libg_nano.a(lib_a-memmove.o)
                0x00000000080013a0                memmove
 .text          0x0000000008001498       0x50 /usr/lib/gcc/arm-none-eabi/10.3.1/../../../arm-none-eabi/lib/thumb/v7e-m+fp/hard/libg_nano.a(lib_a-nano-reallocr.o)
                0x0000000008001498                _realloc_r
 .text          0x00000000080014e8       0x14 /usr/lib/gcc/arm-none-eabi/10.3.1/../../../arm-none-eabi/lib/thumb/v7e-m+fp/hard/libg_nano.a(lib_a-nano-msizer.o)
                0x00000000080014e8                _malloc_usable_size_r
 *(.text*)
 .text.MX_DMA_Init
                0x00000000080014fc       0x68 CMakeFiles/Dust_InfantryRobotChassis.elf.dir/Board/dm-h723/Src/dma.c.obj
                0x00000000080014fc                MX_DMA_Init
 .text.MX_FDCAN1_Init
                0x0000000008001564       0x68 CMakeFiles/Dust_InfantryRobotChassis.elf.dir/Board/dm-h723/Src/fdcan.c.obj
                0x0000000008001564                MX_FDCAN1_Init
 .text.MX_FDCAN2_Init
                0x00000000080015cc       0x70 CMakeFiles/Dust_InfantryRobotChassis.elf.dir/Board/dm-h723/Src/fdcan.c.obj
                0x00000000080015cc                MX_FDCAN2_Init
 .text.MX_FDCAN3_Init
                0x000000000800163c       0x6c CMakeFiles/Dust_InfantryRobotChassis.elf.dir/Board/dm-h723/Src/fdcan.c.obj
                0x000000000800163c                MX_FDCAN3_Init
 .text.HAL_FDCAN_MspInit
                0x00000000080016a8      0x1b4 CMakeFiles/Dust_InfantryRobotChassis.elf.dir/Board/dm-h723/Src/fdcan.c.obj
                0x00000000080016a8                HAL_FDCAN_MspInit
 .text.StartDefaultTask
                0x000000000800185c        0x8 CMakeFiles/Dust_InfantryRobotChassis.elf.dir/Board/dm-h723/Src/freertos.c.obj
                0x000000000800185c                StartDefaultTask
 .text.MX_FREERTOS_Init
                0x0000000008001864       0x50 CMakeFiles/Dust_InfantryRobotChassis.elf.dir/Board/dm-h723/Src/freertos.c.obj
                0x0000000008001864                MX_FREERTOS_Init
 .text.MX_GPIO_Init
                0x00000000080018b4      0x11c CMakeFiles/Dust_InfantryRobotChassis.elf.dir/Board/dm-h723/Src/gpio.c.obj
                0x00000000080018b4                MX_GPIO_Init
 .text.vApplicationStackOverflowHook
                0x00000000080019d0       0x12 CMakeFiles/Dust_InfantryRobotChassis.elf.dir/Board/dm-h723/Src/main.c.obj
                0x00000000080019d0                vApplicationStackOverflowHook
 .text.HAL_TIM_PeriodElapsedCallback
                0x00000000080019e2       0x12 CMakeFiles/Dust_InfantryRobotChassis.elf.dir/Board/dm-h723/Src/main.c.obj
                0x00000000080019e2                HAL_TIM_PeriodElapsedCallback
 .text.Error_Handler
                0x00000000080019f4        0x4 CMakeFiles/Dust_InfantryRobotChassis.elf.dir/Board/dm-h723/Src/main.c.obj
                0x00000000080019f4                Error_Handler
 .text.SystemClock_Config
                0x00000000080019f8       0xac CMakeFiles/Dust_InfantryRobotChassis.elf.dir/Board/dm-h723/Src/main.c.obj
                0x00000000080019f8                SystemClock_Config
 .text.PeriphCommonClock_Config
                0x0000000008001aa4       0x42 CMakeFiles/Dust_InfantryRobotChassis.elf.dir/Board/dm-h723/Src/main.c.obj
                0x0000000008001aa4                PeriphCommonClock_Config
 .text.main     0x0000000008001ae6       0x48 CMakeFiles/Dust_InfantryRobotChassis.elf.dir/Board/dm-h723/Src/main.c.obj
                0x0000000008001ae6                main
 *fill*         0x0000000008001b2e        0x2 
 .text.MX_SPI2_Init
                0x0000000008001b30       0x60 CMakeFiles/Dust_InfantryRobotChassis.elf.dir/Board/dm-h723/Src/spi.c.obj
                0x0000000008001b30                MX_SPI2_Init
 .text.HAL_SPI_MspInit
                0x0000000008001b90       0xcc CMakeFiles/Dust_InfantryRobotChassis.elf.dir/Board/dm-h723/Src/spi.c.obj
                0x0000000008001b90                HAL_SPI_MspInit
 .text.HAL_MspInit
                0x0000000008001c5c       0x34 CMakeFiles/Dust_InfantryRobotChassis.elf.dir/Board/dm-h723/Src/stm32h7xx_hal_msp.c.obj
                0x0000000008001c5c                HAL_MspInit
 .text.HAL_InitTick
                0x0000000008001c90       0x9c CMakeFiles/Dust_InfantryRobotChassis.elf.dir/Board/dm-h723/Src/stm32h7xx_hal_timebase_tim.c.obj
                0x0000000008001c90                HAL_InitTick
 .text.NMI_Handler
                0x0000000008001d2c        0x2 CMakeFiles/Dust_InfantryRobotChassis.elf.dir/Board/dm-h723/Src/stm32h7xx_it.c.obj
                0x0000000008001d2c                NMI_Handler
 .text.HardFault_Handler
                0x0000000008001d2e        0x2 CMakeFiles/Dust_InfantryRobotChassis.elf.dir/Board/dm-h723/Src/stm32h7xx_it.c.obj
                0x0000000008001d2e                HardFault_Handler
 .text.MemManage_Handler
                0x0000000008001d30        0x2 CMakeFiles/Dust_InfantryRobotChassis.elf.dir/Board/dm-h723/Src/stm32h7xx_it.c.obj
                0x0000000008001d30                MemManage_Handler
 .text.BusFault_Handler
                0x0000000008001d32        0x2 CMakeFiles/Dust_InfantryRobotChassis.elf.dir/Board/dm-h723/Src/stm32h7xx_it.c.obj
                0x0000000008001d32                BusFault_Handler
 .text.UsageFault_Handler
                0x0000000008001d34        0x2 CMakeFiles/Dust_InfantryRobotChassis.elf.dir/Board/dm-h723/Src/stm32h7xx_it.c.obj
                0x0000000008001d34                UsageFault_Handler
 .text.DebugMon_Handler
                0x0000000008001d36        0x2 CMakeFiles/Dust_InfantryRobotChassis.elf.dir/Board/dm-h723/Src/stm32h7xx_it.c.obj
                0x0000000008001d36                DebugMon_Handler
 .text.DMA1_Stream0_IRQHandler
                0x0000000008001d38       0x10 CMakeFiles/Dust_InfantryRobotChassis.elf.dir/Board/dm-h723/Src/stm32h7xx_it.c.obj
                0x0000000008001d38                DMA1_Stream0_IRQHandler
 .text.DMA1_Stream1_IRQHandler
                0x0000000008001d48       0x10 CMakeFiles/Dust_InfantryRobotChassis.elf.dir/Board/dm-h723/Src/stm32h7xx_it.c.obj
                0x0000000008001d48                DMA1_Stream1_IRQHandler
 .text.DMA1_Stream2_IRQHandler
                0x0000000008001d58       0x10 CMakeFiles/Dust_InfantryRobotChassis.elf.dir/Board/dm-h723/Src/stm32h7xx_it.c.obj
                0x0000000008001d58                DMA1_Stream2_IRQHandler
 .text.DMA1_Stream3_IRQHandler
                0x0000000008001d68       0x10 CMakeFiles/Dust_InfantryRobotChassis.elf.dir/Board/dm-h723/Src/stm32h7xx_it.c.obj
                0x0000000008001d68                DMA1_Stream3_IRQHandler
 .text.FDCAN1_IT0_IRQHandler
                0x0000000008001d78       0x10 CMakeFiles/Dust_InfantryRobotChassis.elf.dir/Board/dm-h723/Src/stm32h7xx_it.c.obj
                0x0000000008001d78                FDCAN1_IT0_IRQHandler
 .text.FDCAN2_IT0_IRQHandler
                0x0000000008001d88       0x10 CMakeFiles/Dust_InfantryRobotChassis.elf.dir/Board/dm-h723/Src/stm32h7xx_it.c.obj
                0x0000000008001d88                FDCAN2_IT0_IRQHandler
 .text.FDCAN1_IT1_IRQHandler
                0x0000000008001d98       0x10 CMakeFiles/Dust_InfantryRobotChassis.elf.dir/Board/dm-h723/Src/stm32h7xx_it.c.obj
                0x0000000008001d98                FDCAN1_IT1_IRQHandler
 .text.FDCAN2_IT1_IRQHandler
                0x0000000008001da8       0x10 CMakeFiles/Dust_InfantryRobotChassis.elf.dir/Board/dm-h723/Src/stm32h7xx_it.c.obj
                0x0000000008001da8                FDCAN2_IT1_IRQHandler
 .text.TIM2_IRQHandler
                0x0000000008001db8       0x10 CMakeFiles/Dust_InfantryRobotChassis.elf.dir/Board/dm-h723/Src/stm32h7xx_it.c.obj
                0x0000000008001db8                TIM2_IRQHandler
 .text.USART1_IRQHandler
                0x0000000008001dc8       0x10 CMakeFiles/Dust_InfantryRobotChassis.elf.dir/Board/dm-h723/Src/stm32h7xx_it.c.obj
                0x0000000008001dc8                USART1_IRQHandler
 .text.EXTI15_10_IRQHandler
                0x0000000008001dd8       0x14 CMakeFiles/Dust_InfantryRobotChassis.elf.dir/Board/dm-h723/Src/stm32h7xx_it.c.obj
                0x0000000008001dd8                EXTI15_10_IRQHandler
 .text.OTG_HS_IRQHandler
                0x0000000008001dec       0x10 CMakeFiles/Dust_InfantryRobotChassis.elf.dir/Board/dm-h723/Src/stm32h7xx_it.c.obj
                0x0000000008001dec                OTG_HS_IRQHandler
 .text.UART7_IRQHandler
                0x0000000008001dfc       0x10 CMakeFiles/Dust_InfantryRobotChassis.elf.dir/Board/dm-h723/Src/stm32h7xx_it.c.obj
                0x0000000008001dfc                UART7_IRQHandler
 .text.FDCAN3_IT0_IRQHandler
                0x0000000008001e0c       0x10 CMakeFiles/Dust_InfantryRobotChassis.elf.dir/Board/dm-h723/Src/stm32h7xx_it.c.obj
                0x0000000008001e0c                FDCAN3_IT0_IRQHandler
 .text.FDCAN3_IT1_IRQHandler
                0x0000000008001e1c       0x10 CMakeFiles/Dust_InfantryRobotChassis.elf.dir/Board/dm-h723/Src/stm32h7xx_it.c.obj
                0x0000000008001e1c                FDCAN3_IT1_IRQHandler
 .text._sbrk    0x0000000008001e2c       0x48 CMakeFiles/Dust_InfantryRobotChassis.elf.dir/Board/dm-h723/Src/sysmem.c.obj
                0x0000000008001e2c                _sbrk
 .text.SystemInit
                0x0000000008001e74       0xd0 CMakeFiles/Dust_InfantryRobotChassis.elf.dir/Board/dm-h723/Src/system_stm32h7xx.c.obj
                0x0000000008001e74                SystemInit
 .text.ExitRun0Mode
                0x0000000008001f44       0x1c CMakeFiles/Dust_InfantryRobotChassis.elf.dir/Board/dm-h723/Src/system_stm32h7xx.c.obj
                0x0000000008001f44                ExitRun0Mode
 .text.HAL_TIM_PWM_MspInit
                0x0000000008001f60       0x58 CMakeFiles/Dust_InfantryRobotChassis.elf.dir/Board/dm-h723/Src/tim.c.obj
                0x0000000008001f60                HAL_TIM_PWM_MspInit
 .text.HAL_TIM_MspPostInit
                0x0000000008001fb8       0x98 CMakeFiles/Dust_InfantryRobotChassis.elf.dir/Board/dm-h723/Src/tim.c.obj
                0x0000000008001fb8                HAL_TIM_MspPostInit
 .text.MX_TIM1_Init
                0x0000000008002050       0xdc CMakeFiles/Dust_InfantryRobotChassis.elf.dir/Board/dm-h723/Src/tim.c.obj
                0x0000000008002050                MX_TIM1_Init
 .text.MX_TIM3_Init
                0x000000000800212c       0x88 CMakeFiles/Dust_InfantryRobotChassis.elf.dir/Board/dm-h723/Src/tim.c.obj
                0x000000000800212c                MX_TIM3_Init
 .text.MX_UART7_Init
                0x00000000080021b4       0x68 CMakeFiles/Dust_InfantryRobotChassis.elf.dir/Board/dm-h723/Src/usart.c.obj
                0x00000000080021b4                MX_UART7_Init
 .text.MX_USART1_UART_Init
                0x000000000800221c       0x68 CMakeFiles/Dust_InfantryRobotChassis.elf.dir/Board/dm-h723/Src/usart.c.obj
                0x000000000800221c                MX_USART1_UART_Init
 .text.MX_USART10_UART_Init
                0x0000000008002284       0x68 CMakeFiles/Dust_InfantryRobotChassis.elf.dir/Board/dm-h723/Src/usart.c.obj
                0x0000000008002284                MX_USART10_UART_Init
 .text.HAL_UART_MspInit
                0x00000000080022ec      0x2b8 CMakeFiles/Dust_InfantryRobotChassis.elf.dir/Board/dm-h723/Src/usart.c.obj
                0x00000000080022ec                HAL_UART_MspInit
 .text.MX_USB_DEVICE_Init
                0x00000000080025a4       0x58 CMakeFiles/Dust_InfantryRobotChassis.elf.dir/Board/dm-h723/Src/usb_device.c.obj
                0x00000000080025a4                MX_USB_DEVICE_Init
 .text.CDC_DeInit_HS
                0x00000000080025fc        0x4 CMakeFiles/Dust_InfantryRobotChassis.elf.dir/Board/dm-h723/Src/usbd_cdc_if.c.obj
 .text.CDC_Control_HS
                0x0000000008002600        0x4 CMakeFiles/Dust_InfantryRobotChassis.elf.dir/Board/dm-h723/Src/usbd_cdc_if.c.obj
 .text.CDC_TransmitCplt_HS
                0x0000000008002604       0x14 CMakeFiles/Dust_InfantryRobotChassis.elf.dir/Board/dm-h723/Src/usbd_cdc_if.c.obj
 .text.CDC_Receive_HS
                0x0000000008002618       0x2c CMakeFiles/Dust_InfantryRobotChassis.elf.dir/Board/dm-h723/Src/usbd_cdc_if.c.obj
 .text.CDC_Init_HS
                0x0000000008002644       0x28 CMakeFiles/Dust_InfantryRobotChassis.elf.dir/Board/dm-h723/Src/usbd_cdc_if.c.obj
 .text.HAL_PCD_MspInit
                0x000000000800266c       0x74 CMakeFiles/Dust_InfantryRobotChassis.elf.dir/Board/dm-h723/Src/usbd_conf.c.obj
                0x000000000800266c                HAL_PCD_MspInit
 .text.HAL_PCD_SetupStageCallback
                0x00000000080026e0       0x10 CMakeFiles/Dust_InfantryRobotChassis.elf.dir/Board/dm-h723/Src/usbd_conf.c.obj
                0x00000000080026e0                HAL_PCD_SetupStageCallback
 .text.HAL_PCD_DataOutStageCallback
                0x00000000080026f0       0x18 CMakeFiles/Dust_InfantryRobotChassis.elf.dir/Board/dm-h723/Src/usbd_conf.c.obj
                0x00000000080026f0                HAL_PCD_DataOutStageCallback
 .text.HAL_PCD_DataInStageCallback
                0x0000000008002708       0x16 CMakeFiles/Dust_InfantryRobotChassis.elf.dir/Board/dm-h723/Src/usbd_conf.c.obj
                0x0000000008002708                HAL_PCD_DataInStageCallback
 .text.HAL_PCD_SOFCallback
                0x000000000800271e        0xc CMakeFiles/Dust_InfantryRobotChassis.elf.dir/Board/dm-h723/Src/usbd_conf.c.obj
                0x000000000800271e                HAL_PCD_SOFCallback
 .text.HAL_PCD_ResetCallback
                0x000000000800272a       0x28 CMakeFiles/Dust_InfantryRobotChassis.elf.dir/Board/dm-h723/Src/usbd_conf.c.obj
                0x000000000800272a                HAL_PCD_ResetCallback
 *fill*         0x0000000008002752        0x2 
 .text.HAL_PCD_SuspendCallback
                0x0000000008002754       0x30 CMakeFiles/Dust_InfantryRobotChassis.elf.dir/Board/dm-h723/Src/usbd_conf.c.obj
                0x0000000008002754                HAL_PCD_SuspendCallback
 .text.HAL_PCD_ResumeCallback
                0x0000000008002784        0xc CMakeFiles/Dust_InfantryRobotChassis.elf.dir/Board/dm-h723/Src/usbd_conf.c.obj
                0x0000000008002784                HAL_PCD_ResumeCallback
 .text.HAL_PCD_ISOOUTIncompleteCallback
                0x0000000008002790        0xc CMakeFiles/Dust_InfantryRobotChassis.elf.dir/Board/dm-h723/Src/usbd_conf.c.obj
                0x0000000008002790                HAL_PCD_ISOOUTIncompleteCallback
 .text.HAL_PCD_ISOINIncompleteCallback
                0x000000000800279c        0xc CMakeFiles/Dust_InfantryRobotChassis.elf.dir/Board/dm-h723/Src/usbd_conf.c.obj
                0x000000000800279c                HAL_PCD_ISOINIncompleteCallback
 .text.HAL_PCD_ConnectCallback
                0x00000000080027a8        0xc CMakeFiles/Dust_InfantryRobotChassis.elf.dir/Board/dm-h723/Src/usbd_conf.c.obj
                0x00000000080027a8                HAL_PCD_ConnectCallback
 .text.HAL_PCD_DisconnectCallback
                0x00000000080027b4        0xc CMakeFiles/Dust_InfantryRobotChassis.elf.dir/Board/dm-h723/Src/usbd_conf.c.obj
                0x00000000080027b4                HAL_PCD_DisconnectCallback
 .text.USBD_LL_Init
                0x00000000080027c0       0x70 CMakeFiles/Dust_InfantryRobotChassis.elf.dir/Board/dm-h723/Src/usbd_conf.c.obj
                0x00000000080027c0                USBD_LL_Init
 .text.USBD_LL_IsStallEP
                0x0000000008002830       0x2c CMakeFiles/Dust_InfantryRobotChassis.elf.dir/Board/dm-h723/Src/usbd_conf.c.obj
                0x0000000008002830                USBD_LL_IsStallEP
 .text.USBD_LL_GetRxDataSize
                0x000000000800285c        0xc CMakeFiles/Dust_InfantryRobotChassis.elf.dir/Board/dm-h723/Src/usbd_conf.c.obj
                0x000000000800285c                USBD_LL_GetRxDataSize
 .text.USBD_static_malloc
                0x0000000008002868        0x8 CMakeFiles/Dust_InfantryRobotChassis.elf.dir/Board/dm-h723/Src/usbd_conf.c.obj
                0x0000000008002868                USBD_static_malloc
 .text.USBD_static_free
                0x0000000008002870        0x2 CMakeFiles/Dust_InfantryRobotChassis.elf.dir/Board/dm-h723/Src/usbd_conf.c.obj
                0x0000000008002870                USBD_static_free
 .text.USBD_Get_USB_Status
                0x0000000008002872       0x14 CMakeFiles/Dust_InfantryRobotChassis.elf.dir/Board/dm-h723/Src/usbd_conf.c.obj
                0x0000000008002872                USBD_Get_USB_Status
 .text.USBD_LL_Start
                0x0000000008002886       0x10 CMakeFiles/Dust_InfantryRobotChassis.elf.dir/Board/dm-h723/Src/usbd_conf.c.obj
                0x0000000008002886                USBD_LL_Start
 .text.USBD_LL_OpenEP
                0x0000000008002896       0x16 CMakeFiles/Dust_InfantryRobotChassis.elf.dir/Board/dm-h723/Src/usbd_conf.c.obj
                0x0000000008002896                USBD_LL_OpenEP
 .text.USBD_LL_CloseEP
                0x00000000080028ac       0x10 CMakeFiles/Dust_InfantryRobotChassis.elf.dir/Board/dm-h723/Src/usbd_conf.c.obj
                0x00000000080028ac                USBD_LL_CloseEP
 .text.USBD_LL_StallEP
                0x00000000080028bc       0x10 CMakeFiles/Dust_InfantryRobotChassis.elf.dir/Board/dm-h723/Src/usbd_conf.c.obj
                0x00000000080028bc                USBD_LL_StallEP
 .text.USBD_LL_ClearStallEP
                0x00000000080028cc       0x10 CMakeFiles/Dust_InfantryRobotChassis.elf.dir/Board/dm-h723/Src/usbd_conf.c.obj
                0x00000000080028cc                USBD_LL_ClearStallEP
 .text.USBD_LL_SetUSBAddress
                0x00000000080028dc       0x10 CMakeFiles/Dust_InfantryRobotChassis.elf.dir/Board/dm-h723/Src/usbd_conf.c.obj
                0x00000000080028dc                USBD_LL_SetUSBAddress
 .text.USBD_LL_Transmit
                0x00000000080028ec       0x10 CMakeFiles/Dust_InfantryRobotChassis.elf.dir/Board/dm-h723/Src/usbd_conf.c.obj
                0x00000000080028ec                USBD_LL_Transmit
 .text.USBD_LL_PrepareReceive
                0x00000000080028fc       0x10 CMakeFiles/Dust_InfantryRobotChassis.elf.dir/Board/dm-h723/Src/usbd_conf.c.obj
                0x00000000080028fc                USBD_LL_PrepareReceive
 .text.USBD_HS_DeviceDescriptor
                0x000000000800290c        0xc CMakeFiles/Dust_InfantryRobotChassis.elf.dir/Board/dm-h723/Src/usbd_desc.c.obj
                0x000000000800290c                USBD_HS_DeviceDescriptor
 .text.USBD_HS_LangIDStrDescriptor
                0x0000000008002918        0xc CMakeFiles/Dust_InfantryRobotChassis.elf.dir/Board/dm-h723/Src/usbd_desc.c.obj
                0x0000000008002918                USBD_HS_LangIDStrDescriptor
 .text.IntToUnicode
                0x0000000008002924       0x46 CMakeFiles/Dust_InfantryRobotChassis.elf.dir/Board/dm-h723/Src/usbd_desc.c.obj
 *fill*         0x000000000800296a        0x2 
 .text.Get_SerialNum
                0x000000000800296c       0x38 CMakeFiles/Dust_InfantryRobotChassis.elf.dir/Board/dm-h723/Src/usbd_desc.c.obj
 .text.USBD_HS_SerialStrDescriptor
                0x00000000080029a4       0x14 CMakeFiles/Dust_InfantryRobotChassis.elf.dir/Board/dm-h723/Src/usbd_desc.c.obj
                0x00000000080029a4                USBD_HS_SerialStrDescriptor
 .text.USBD_HS_ProductStrDescriptor
                0x00000000080029b8       0x24 CMakeFiles/Dust_InfantryRobotChassis.elf.dir/Board/dm-h723/Src/usbd_desc.c.obj
                0x00000000080029b8                USBD_HS_ProductStrDescriptor
 .text.USBD_HS_ManufacturerStrDescriptor
                0x00000000080029dc       0x1c CMakeFiles/Dust_InfantryRobotChassis.elf.dir/Board/dm-h723/Src/usbd_desc.c.obj
                0x00000000080029dc                USBD_HS_ManufacturerStrDescriptor
 .text.USBD_HS_ConfigStrDescriptor
                0x00000000080029f8       0x24 CMakeFiles/Dust_InfantryRobotChassis.elf.dir/Board/dm-h723/Src/usbd_desc.c.obj
                0x00000000080029f8                USBD_HS_ConfigStrDescriptor
 .text.USBD_HS_InterfaceStrDescriptor
                0x0000000008002a1c       0x24 CMakeFiles/Dust_InfantryRobotChassis.elf.dir/Board/dm-h723/Src/usbd_desc.c.obj
                0x0000000008002a1c                USBD_HS_InterfaceStrDescriptor
 .text.Reset_Handler
                0x0000000008002a40       0x54 CMakeFiles/Dust_InfantryRobotChassis.elf.dir/Board/dm-h723/startup_stm32h723vgtx.s.obj
                0x0000000008002a40                Reset_Handler
 .text.Default_Handler
                0x0000000008002a94        0x2 CMakeFiles/Dust_InfantryRobotChassis.elf.dir/Board/dm-h723/startup_stm32h723vgtx.s.obj
                0x0000000008002a94                RTC_Alarm_IRQHandler
                0x0000000008002a94                EXTI2_IRQHandler
                0x0000000008002a94                TIM8_CC_IRQHandler
                0x0000000008002a94                UART8_IRQHandler
                0x0000000008002a94                SPI4_IRQHandler
                0x0000000008002a94                TIM1_CC_IRQHandler
                0x0000000008002a94                BDMA_Channel6_IRQHandler
                0x0000000008002a94                DMA2_Stream5_IRQHandler
                0x0000000008002a94                DMA1_Stream5_IRQHandler
                0x0000000008002a94                CORDIC_IRQHandler
                0x0000000008002a94                BDMA_Channel1_IRQHandler
                0x0000000008002a94                TAMP_STAMP_IRQHandler
                0x0000000008002a94                EXTI3_IRQHandler
                0x0000000008002a94                LPTIM4_IRQHandler
                0x0000000008002a94                TIM8_TRG_COM_TIM14_IRQHandler
                0x0000000008002a94                LPTIM2_IRQHandler
                0x0000000008002a94                DFSDM1_FLT1_IRQHandler
                0x0000000008002a94                DMAMUX2_OVR_IRQHandler
                0x0000000008002a94                TIM8_UP_TIM13_IRQHandler
                0x0000000008002a94                I2C3_ER_IRQHandler
                0x0000000008002a94                DFSDM1_FLT2_IRQHandler
                0x0000000008002a94                I2C5_EV_IRQHandler
                0x0000000008002a94                USART10_IRQHandler
                0x0000000008002a94                MDMA_IRQHandler
                0x0000000008002a94                LPTIM3_IRQHandler
                0x0000000008002a94                HSEM1_IRQHandler
                0x0000000008002a94                EXTI0_IRQHandler
                0x0000000008002a94                I2C2_EV_IRQHandler
                0x0000000008002a94                FPU_IRQHandler
                0x0000000008002a94                OTG_HS_WKUP_IRQHandler
                0x0000000008002a94                LTDC_ER_IRQHandler
                0x0000000008002a94                DMA2_Stream2_IRQHandler
                0x0000000008002a94                SPI1_IRQHandler
                0x0000000008002a94                OCTOSPI1_IRQHandler
                0x0000000008002a94                TIM6_DAC_IRQHandler
                0x0000000008002a94                DMA2_Stream3_IRQHandler
                0x0000000008002a94                OCTOSPI2_IRQHandler
                0x0000000008002a94                DFSDM1_FLT3_IRQHandler
                0x0000000008002a94                TIM23_IRQHandler
                0x0000000008002a94                USART6_IRQHandler
                0x0000000008002a94                TIM17_IRQHandler
                0x0000000008002a94                USART3_IRQHandler
                0x0000000008002a94                BDMA_Channel7_IRQHandler
                0x0000000008002a94                LPTIM5_IRQHandler
                0x0000000008002a94                UART5_IRQHandler
                0x0000000008002a94                ADC3_IRQHandler
                0x0000000008002a94                DMA2_Stream0_IRQHandler
                0x0000000008002a94                TIM4_IRQHandler
                0x0000000008002a94                BDMA_Channel2_IRQHandler
                0x0000000008002a94                I2C1_EV_IRQHandler
                0x0000000008002a94                DMA1_Stream6_IRQHandler
                0x0000000008002a94                DMAMUX1_OVR_IRQHandler
                0x0000000008002a94                TIM16_IRQHandler
                0x0000000008002a94                UART4_IRQHandler
                0x0000000008002a94                BDMA_Channel5_IRQHandler
                0x0000000008002a94                TIM3_IRQHandler
                0x0000000008002a94                RCC_IRQHandler
                0x0000000008002a94                UART9_IRQHandler
                0x0000000008002a94                TIM8_BRK_TIM12_IRQHandler
                0x0000000008002a94                TIM1_TRG_COM_IRQHandler
                0x0000000008002a94                Default_Handler
                0x0000000008002a94                ECC_IRQHandler
                0x0000000008002a94                FMAC_IRQHandler
                0x0000000008002a94                CEC_IRQHandler
                0x0000000008002a94                BDMA_Channel0_IRQHandler
                0x0000000008002a94                ADC_IRQHandler
                0x0000000008002a94                I2C5_ER_IRQHandler
                0x0000000008002a94                DMA1_Stream7_IRQHandler
                0x0000000008002a94                SPI5_IRQHandler
                0x0000000008002a94                TIM7_IRQHandler
                0x0000000008002a94                SDMMC1_IRQHandler
                0x0000000008002a94                TIM5_IRQHandler
                0x0000000008002a94                DMA2_Stream7_IRQHandler
                0x0000000008002a94                TIM15_IRQHandler
                0x0000000008002a94                PVD_AVD_IRQHandler
                0x0000000008002a94                I2C3_EV_IRQHandler
                0x0000000008002a94                EXTI9_5_IRQHandler
                0x0000000008002a94                RTC_WKUP_IRQHandler
                0x0000000008002a94                LTDC_IRQHandler
                0x0000000008002a94                ETH_WKUP_IRQHandler
                0x0000000008002a94                SPDIF_RX_IRQHandler
                0x0000000008002a94                SPI2_IRQHandler
                0x0000000008002a94                OTG_HS_EP1_IN_IRQHandler
                0x0000000008002a94                TIM24_IRQHandler
                0x0000000008002a94                CRS_IRQHandler
                0x0000000008002a94                EXTI4_IRQHandler
                0x0000000008002a94                RNG_IRQHandler
                0x0000000008002a94                ETH_IRQHandler
                0x0000000008002a94                TIM1_UP_IRQHandler
                0x0000000008002a94                BDMA_Channel4_IRQHandler
                0x0000000008002a94                OTG_HS_EP1_OUT_IRQHandler
                0x0000000008002a94                WWDG_IRQHandler
                0x0000000008002a94                SPI6_IRQHandler
                0x0000000008002a94                MDIOS_IRQHandler
                0x0000000008002a94                I2C4_EV_IRQHandler
                0x0000000008002a94                LPUART1_IRQHandler
                0x0000000008002a94                DMA2D_IRQHandler
                0x0000000008002a94                TIM1_BRK_IRQHandler
                0x0000000008002a94                EXTI1_IRQHandler
                0x0000000008002a94                SDMMC2_IRQHandler
                0x0000000008002a94                BDMA_Channel3_IRQHandler
                0x0000000008002a94                DTS_IRQHandler
                0x0000000008002a94                MDIOS_WKUP_IRQHandler
                0x0000000008002a94                USART2_IRQHandler
                0x0000000008002a94                DFSDM1_FLT0_IRQHandler
                0x0000000008002a94                SAI4_IRQHandler
                0x0000000008002a94                I2C2_ER_IRQHandler
                0x0000000008002a94                DMA2_Stream1_IRQHandler
                0x0000000008002a94                FLASH_IRQHandler
                0x0000000008002a94                DMA2_Stream4_IRQHandler
                0x0000000008002a94                SPI3_IRQHandler
                0x0000000008002a94                WAKEUP_PIN_IRQHandler
                0x0000000008002a94                DMA1_Stream4_IRQHandler
                0x0000000008002a94                I2C1_ER_IRQHandler
                0x0000000008002a94                FMC_IRQHandler
                0x0000000008002a94                FDCAN_CAL_IRQHandler
                0x0000000008002a94                SWPMI1_IRQHandler
                0x0000000008002a94                COMP1_IRQHandler
                0x0000000008002a94                LPTIM1_IRQHandler
                0x0000000008002a94                DCMI_PSSI_IRQHandler
                0x0000000008002a94                I2C4_ER_IRQHandler
                0x0000000008002a94                DMA2_Stream6_IRQHandler
                0x0000000008002a94                SAI1_IRQHandler
 .text.SysTick_Handler
                0x0000000008002a96       0x18 CMakeFiles/Dust_InfantryRobotChassis.elf.dir/ThirdParty/FreeRTOS/Source/CMSIS_RTOS_V2/cmsis_os2.c.obj
                0x0000000008002a96                SysTick_Handler
 *fill*         0x0000000008002aae        0x2 
 .text.osKernelInitialize
                0x0000000008002ab0       0x24 CMakeFiles/Dust_InfantryRobotChassis.elf.dir/ThirdParty/FreeRTOS/Source/CMSIS_RTOS_V2/cmsis_os2.c.obj
                0x0000000008002ab0                osKernelInitialize
 .text.osKernelStart
                0x0000000008002ad4       0x38 CMakeFiles/Dust_InfantryRobotChassis.elf.dir/ThirdParty/FreeRTOS/Source/CMSIS_RTOS_V2/cmsis_os2.c.obj
                0x0000000008002ad4                osKernelStart
 .text.osThreadNew
                0x0000000008002b0c       0xbc CMakeFiles/Dust_InfantryRobotChassis.elf.dir/ThirdParty/FreeRTOS/Source/CMSIS_RTOS_V2/cmsis_os2.c.obj
                0x0000000008002b0c                osThreadNew
 .text.osThreadYield
                0x0000000008002bc8       0x24 CMakeFiles/Dust_InfantryRobotChassis.elf.dir/ThirdParty/FreeRTOS/Source/CMSIS_RTOS_V2/cmsis_os2.c.obj
                0x0000000008002bc8                osThreadYield
 .text.osDelay  0x0000000008002bec       0x1c CMakeFiles/Dust_InfantryRobotChassis.elf.dir/ThirdParty/FreeRTOS/Source/CMSIS_RTOS_V2/cmsis_os2.c.obj
                0x0000000008002bec                osDelay
 .text.osEventFlagsSet
                0x0000000008002c08       0x5a CMakeFiles/Dust_InfantryRobotChassis.elf.dir/ThirdParty/FreeRTOS/Source/CMSIS_RTOS_V2/cmsis_os2.c.obj
                0x0000000008002c08                osEventFlagsSet
 .text.vApplicationMallocFailedHook
                0x0000000008002c62        0x2 CMakeFiles/Dust_InfantryRobotChassis.elf.dir/ThirdParty/FreeRTOS/Source/CMSIS_RTOS_V2/cmsis_os2.c.obj
                0x0000000008002c62                vApplicationMallocFailedHook
 .text.vApplicationGetIdleTaskMemory
                0x0000000008002c64       0x18 CMakeFiles/Dust_InfantryRobotChassis.elf.dir/ThirdParty/FreeRTOS/Source/CMSIS_RTOS_V2/cmsis_os2.c.obj
                0x0000000008002c64                vApplicationGetIdleTaskMemory
 .text.vApplicationGetTimerTaskMemory
                0x0000000008002c7c       0x18 CMakeFiles/Dust_InfantryRobotChassis.elf.dir/ThirdParty/FreeRTOS/Source/CMSIS_RTOS_V2/cmsis_os2.c.obj
                0x0000000008002c7c                vApplicationGetTimerTaskMemory
 .text.xEventGroupSetBits
                0x0000000008002c94       0x8c CMakeFiles/Dust_InfantryRobotChassis.elf.dir/ThirdParty/FreeRTOS/Source/event_groups.c.obj
                0x0000000008002c94                xEventGroupSetBits
 .text.vEventGroupSetBitsCallback
                0x0000000008002d20        0x8 CMakeFiles/Dust_InfantryRobotChassis.elf.dir/ThirdParty/FreeRTOS/Source/event_groups.c.obj
                0x0000000008002d20                vEventGroupSetBitsCallback
 .text.xEventGroupSetBitsFromISR
                0x0000000008002d28       0x14 CMakeFiles/Dust_InfantryRobotChassis.elf.dir/ThirdParty/FreeRTOS/Source/event_groups.c.obj
                0x0000000008002d28                xEventGroupSetBitsFromISR
 .text.vListInitialise
                0x0000000008002d3c       0x16 CMakeFiles/Dust_InfantryRobotChassis.elf.dir/ThirdParty/FreeRTOS/Source/list.c.obj
                0x0000000008002d3c                vListInitialise
 .text.vListInitialiseItem
                0x0000000008002d52        0x6 CMakeFiles/Dust_InfantryRobotChassis.elf.dir/ThirdParty/FreeRTOS/Source/list.c.obj
                0x0000000008002d52                vListInitialiseItem
 .text.vListInsertEnd
                0x0000000008002d58       0x16 CMakeFiles/Dust_InfantryRobotChassis.elf.dir/ThirdParty/FreeRTOS/Source/list.c.obj
                0x0000000008002d58                vListInsertEnd
 .text.vListInsert
                0x0000000008002d6e       0x32 CMakeFiles/Dust_InfantryRobotChassis.elf.dir/ThirdParty/FreeRTOS/Source/list.c.obj
                0x0000000008002d6e                vListInsert
 .text.uxListRemove
                0x0000000008002da0       0x26 CMakeFiles/Dust_InfantryRobotChassis.elf.dir/ThirdParty/FreeRTOS/Source/list.c.obj
                0x0000000008002da0                uxListRemove
 *fill*         0x0000000008002dc6        0x2 
 .text.prvTaskExitError
                0x0000000008002dc8       0x40 CMakeFiles/Dust_InfantryRobotChassis.elf.dir/ThirdParty/FreeRTOS/Source/portable/GCC/ARM_CM4F/port.c.obj
 .text.prvPortStartFirstTask
                0x0000000008002e08       0x28 CMakeFiles/Dust_InfantryRobotChassis.elf.dir/ThirdParty/FreeRTOS/Source/portable/GCC/ARM_CM4F/port.c.obj
 .text.vPortEnableVFP
                0x0000000008002e30       0x14 CMakeFiles/Dust_InfantryRobotChassis.elf.dir/ThirdParty/FreeRTOS/Source/portable/GCC/ARM_CM4F/port.c.obj
 .text.pxPortInitialiseStack
                0x0000000008002e44       0x2c CMakeFiles/Dust_InfantryRobotChassis.elf.dir/ThirdParty/FreeRTOS/Source/portable/GCC/ARM_CM4F/port.c.obj
                0x0000000008002e44                pxPortInitialiseStack
 .text.SVC_Handler
                0x0000000008002e70       0x24 CMakeFiles/Dust_InfantryRobotChassis.elf.dir/ThirdParty/FreeRTOS/Source/portable/GCC/ARM_CM4F/port.c.obj
                0x0000000008002e70                SVC_Handler
 .text.vPortEnterCritical
                0x0000000008002e94       0x44 CMakeFiles/Dust_InfantryRobotChassis.elf.dir/ThirdParty/FreeRTOS/Source/portable/GCC/ARM_CM4F/port.c.obj
                0x0000000008002e94                vPortEnterCritical
 .text.vPortExitCritical
                0x0000000008002ed8       0x2c CMakeFiles/Dust_InfantryRobotChassis.elf.dir/ThirdParty/FreeRTOS/Source/portable/GCC/ARM_CM4F/port.c.obj
                0x0000000008002ed8                vPortExitCritical
 *fill*         0x0000000008002f04        0xc 
 .text.PendSV_Handler
                0x0000000008002f10       0x64 CMakeFiles/Dust_InfantryRobotChassis.elf.dir/ThirdParty/FreeRTOS/Source/portable/GCC/ARM_CM4F/port.c.obj
                0x0000000008002f10                PendSV_Handler
 .text.xPortSysTickHandler
                0x0000000008002f74       0x2c CMakeFiles/Dust_InfantryRobotChassis.elf.dir/ThirdParty/FreeRTOS/Source/portable/GCC/ARM_CM4F/port.c.obj
                0x0000000008002f74                xPortSysTickHandler
 .text.vPortSetupTimerInterrupt
                0x0000000008002fa0       0x28 CMakeFiles/Dust_InfantryRobotChassis.elf.dir/ThirdParty/FreeRTOS/Source/portable/GCC/ARM_CM4F/port.c.obj
                0x0000000008002fa0                vPortSetupTimerInterrupt
 .text.xPortStartScheduler
                0x0000000008002fc8      0x118 CMakeFiles/Dust_InfantryRobotChassis.elf.dir/ThirdParty/FreeRTOS/Source/portable/GCC/ARM_CM4F/port.c.obj
                0x0000000008002fc8                xPortStartScheduler
 .text.vPortValidateInterruptPriority
                0x00000000080030e0       0x5c CMakeFiles/Dust_InfantryRobotChassis.elf.dir/ThirdParty/FreeRTOS/Source/portable/GCC/ARM_CM4F/port.c.obj
                0x00000000080030e0                vPortValidateInterruptPriority
 .text.prvHeapInit
                0x000000000800313c       0x64 CMakeFiles/Dust_InfantryRobotChassis.elf.dir/ThirdParty/FreeRTOS/Source/portable/MemMang/heap_4.c.obj
 .text.prvInsertBlockIntoFreeList
                0x00000000080031a0       0x64 CMakeFiles/Dust_InfantryRobotChassis.elf.dir/ThirdParty/FreeRTOS/Source/portable/MemMang/heap_4.c.obj
 .text.pvPortMalloc
                0x0000000008003204      0x110 CMakeFiles/Dust_InfantryRobotChassis.elf.dir/ThirdParty/FreeRTOS/Source/portable/MemMang/heap_4.c.obj
                0x0000000008003204                pvPortMalloc
 .text.vPortFree
                0x0000000008003314       0x7c CMakeFiles/Dust_InfantryRobotChassis.elf.dir/ThirdParty/FreeRTOS/Source/portable/MemMang/heap_4.c.obj
                0x0000000008003314                vPortFree
 .text.prvIsQueueFull
                0x0000000008003390       0x1e CMakeFiles/Dust_InfantryRobotChassis.elf.dir/ThirdParty/FreeRTOS/Source/queue.c.obj
 .text.prvIsQueueEmpty
                0x00000000080033ae       0x1a CMakeFiles/Dust_InfantryRobotChassis.elf.dir/ThirdParty/FreeRTOS/Source/queue.c.obj
 .text.prvCopyDataToQueue
                0x00000000080033c8       0x76 CMakeFiles/Dust_InfantryRobotChassis.elf.dir/ThirdParty/FreeRTOS/Source/queue.c.obj
 .text.prvCopyDataFromQueue
                0x000000000800343e       0x24 CMakeFiles/Dust_InfantryRobotChassis.elf.dir/ThirdParty/FreeRTOS/Source/queue.c.obj
 .text.prvUnlockQueue
                0x0000000008003462       0x6e CMakeFiles/Dust_InfantryRobotChassis.elf.dir/ThirdParty/FreeRTOS/Source/queue.c.obj
 .text.xQueueGenericReset
                0x00000000080034d0       0x84 CMakeFiles/Dust_InfantryRobotChassis.elf.dir/ThirdParty/FreeRTOS/Source/queue.c.obj
                0x00000000080034d0                xQueueGenericReset
 .text.prvInitialiseNewQueue
                0x0000000008003554       0x22 CMakeFiles/Dust_InfantryRobotChassis.elf.dir/ThirdParty/FreeRTOS/Source/queue.c.obj
 .text.xQueueGenericCreateStatic
                0x0000000008003576       0xa6 CMakeFiles/Dust_InfantryRobotChassis.elf.dir/ThirdParty/FreeRTOS/Source/queue.c.obj
                0x0000000008003576                xQueueGenericCreateStatic
 .text.xQueueGenericSend
                0x000000000800361c      0x188 CMakeFiles/Dust_InfantryRobotChassis.elf.dir/ThirdParty/FreeRTOS/Source/queue.c.obj
                0x000000000800361c                xQueueGenericSend
 .text.xQueueGenericSendFromISR
                0x00000000080037a4       0xce CMakeFiles/Dust_InfantryRobotChassis.elf.dir/ThirdParty/FreeRTOS/Source/queue.c.obj
                0x00000000080037a4                xQueueGenericSendFromISR
 .text.xQueueReceive
                0x0000000008003872      0x15e CMakeFiles/Dust_InfantryRobotChassis.elf.dir/ThirdParty/FreeRTOS/Source/queue.c.obj
                0x0000000008003872                xQueueReceive
 .text.vQueueAddToRegistry
                0x00000000080039d0       0x28 CMakeFiles/Dust_InfantryRobotChassis.elf.dir/ThirdParty/FreeRTOS/Source/queue.c.obj
                0x00000000080039d0                vQueueAddToRegistry
 .text.vQueueWaitForMessageRestricted
                0x00000000080039f8       0x52 CMakeFiles/Dust_InfantryRobotChassis.elf.dir/ThirdParty/FreeRTOS/Source/queue.c.obj
                0x00000000080039f8                vQueueWaitForMessageRestricted
 *fill*         0x0000000008003a4a        0x2 
 .text.prvResetNextTaskUnblockTime
                0x0000000008003a4c       0x2c CMakeFiles/Dust_InfantryRobotChassis.elf.dir/ThirdParty/FreeRTOS/Source/tasks.c.obj
 .text.prvInitialiseNewTask
                0x0000000008003a78       0xa6 CMakeFiles/Dust_InfantryRobotChassis.elf.dir/ThirdParty/FreeRTOS/Source/tasks.c.obj
 *fill*         0x0000000008003b1e        0x2 
 .text.prvInitialiseTaskLists
                0x0000000008003b20       0x68 CMakeFiles/Dust_InfantryRobotChassis.elf.dir/ThirdParty/FreeRTOS/Source/tasks.c.obj
 .text.prvAddNewTaskToReadyList
                0x0000000008003b88       0xac CMakeFiles/Dust_InfantryRobotChassis.elf.dir/ThirdParty/FreeRTOS/Source/tasks.c.obj
 .text.prvDeleteTCB
                0x0000000008003c34       0x38 CMakeFiles/Dust_InfantryRobotChassis.elf.dir/ThirdParty/FreeRTOS/Source/tasks.c.obj
 .text.prvCheckTasksWaitingTermination
                0x0000000008003c6c       0x4c CMakeFiles/Dust_InfantryRobotChassis.elf.dir/ThirdParty/FreeRTOS/Source/tasks.c.obj
 .text.prvIdleTask
                0x0000000008003cb8       0x28 CMakeFiles/Dust_InfantryRobotChassis.elf.dir/ThirdParty/FreeRTOS/Source/tasks.c.obj
 .text.prvAddCurrentTaskToDelayedList
                0x0000000008003ce0       0x84 CMakeFiles/Dust_InfantryRobotChassis.elf.dir/ThirdParty/FreeRTOS/Source/tasks.c.obj
 .text.xTaskCreateStatic
                0x0000000008003d64       0x76 CMakeFiles/Dust_InfantryRobotChassis.elf.dir/ThirdParty/FreeRTOS/Source/tasks.c.obj
                0x0000000008003d64                xTaskCreateStatic
 .text.xTaskCreate
                0x0000000008003dda       0x68 CMakeFiles/Dust_InfantryRobotChassis.elf.dir/ThirdParty/FreeRTOS/Source/tasks.c.obj
                0x0000000008003dda                xTaskCreate
 *fill*         0x0000000008003e42        0x2 
 .text.vTaskStartScheduler
                0x0000000008003e44       0x9c CMakeFiles/Dust_InfantryRobotChassis.elf.dir/ThirdParty/FreeRTOS/Source/tasks.c.obj
                0x0000000008003e44                vTaskStartScheduler
 .text.vTaskSuspendAll
                0x0000000008003ee0       0x10 CMakeFiles/Dust_InfantryRobotChassis.elf.dir/ThirdParty/FreeRTOS/Source/tasks.c.obj
                0x0000000008003ee0                vTaskSuspendAll
 .text.xTaskGetTickCount
                0x0000000008003ef0        0xc CMakeFiles/Dust_InfantryRobotChassis.elf.dir/ThirdParty/FreeRTOS/Source/tasks.c.obj
                0x0000000008003ef0                xTaskGetTickCount
 .text.xTaskIncrementTick
                0x0000000008003efc      0x118 CMakeFiles/Dust_InfantryRobotChassis.elf.dir/ThirdParty/FreeRTOS/Source/tasks.c.obj
                0x0000000008003efc                xTaskIncrementTick
 .text.xTaskResumeAll
                0x0000000008004014       0xf8 CMakeFiles/Dust_InfantryRobotChassis.elf.dir/ThirdParty/FreeRTOS/Source/tasks.c.obj
                0x0000000008004014                xTaskResumeAll
 .text.vTaskDelay
                0x000000000800410c       0x4c CMakeFiles/Dust_InfantryRobotChassis.elf.dir/ThirdParty/FreeRTOS/Source/tasks.c.obj
                0x000000000800410c                vTaskDelay
 .text.vTaskSwitchContext
                0x0000000008004158       0xcc CMakeFiles/Dust_InfantryRobotChassis.elf.dir/ThirdParty/FreeRTOS/Source/tasks.c.obj
                0x0000000008004158                vTaskSwitchContext
 .text.vTaskPlaceOnEventList
                0x0000000008004224       0x30 CMakeFiles/Dust_InfantryRobotChassis.elf.dir/ThirdParty/FreeRTOS/Source/tasks.c.obj
                0x0000000008004224                vTaskPlaceOnEventList
 .text.vTaskPlaceOnEventListRestricted
                0x0000000008004254       0x38 CMakeFiles/Dust_InfantryRobotChassis.elf.dir/ThirdParty/FreeRTOS/Source/tasks.c.obj
                0x0000000008004254                vTaskPlaceOnEventListRestricted
 .text.xTaskRemoveFromEventList
                0x000000000800428c       0x8c CMakeFiles/Dust_InfantryRobotChassis.elf.dir/ThirdParty/FreeRTOS/Source/tasks.c.obj
                0x000000000800428c                xTaskRemoveFromEventList
 .text.vTaskRemoveFromUnorderedEventList
                0x0000000008004318       0x88 CMakeFiles/Dust_InfantryRobotChassis.elf.dir/ThirdParty/FreeRTOS/Source/tasks.c.obj
                0x0000000008004318                vTaskRemoveFromUnorderedEventList
 .text.vTaskInternalSetTimeOutState
                0x00000000080043a0       0x18 CMakeFiles/Dust_InfantryRobotChassis.elf.dir/ThirdParty/FreeRTOS/Source/tasks.c.obj
                0x00000000080043a0                vTaskInternalSetTimeOutState
 .text.xTaskCheckForTimeOut
                0x00000000080043b8       0x84 CMakeFiles/Dust_InfantryRobotChassis.elf.dir/ThirdParty/FreeRTOS/Source/tasks.c.obj
                0x00000000080043b8                xTaskCheckForTimeOut
 .text.vTaskMissedYield
                0x000000000800443c        0xc CMakeFiles/Dust_InfantryRobotChassis.elf.dir/ThirdParty/FreeRTOS/Source/tasks.c.obj
                0x000000000800443c                vTaskMissedYield
 .text.xTaskGetSchedulerState
                0x0000000008004448       0x20 CMakeFiles/Dust_InfantryRobotChassis.elf.dir/ThirdParty/FreeRTOS/Source/tasks.c.obj
                0x0000000008004448                xTaskGetSchedulerState
 .text.xTaskPriorityDisinherit
                0x0000000008004468       0x90 CMakeFiles/Dust_InfantryRobotChassis.elf.dir/ThirdParty/FreeRTOS/Source/tasks.c.obj
                0x0000000008004468                xTaskPriorityDisinherit
 .text.prvGetNextExpireTime
                0x00000000080044f8       0x20 CMakeFiles/Dust_InfantryRobotChassis.elf.dir/ThirdParty/FreeRTOS/Source/timers.c.obj
 .text.prvInsertTimerInActiveList
                0x0000000008004518       0x50 CMakeFiles/Dust_InfantryRobotChassis.elf.dir/ThirdParty/FreeRTOS/Source/timers.c.obj
 .text.prvCheckForValidListAndQueue
                0x0000000008004568       0x70 CMakeFiles/Dust_InfantryRobotChassis.elf.dir/ThirdParty/FreeRTOS/Source/timers.c.obj
 .text.xTimerCreateTimerTask
                0x00000000080045d8       0x64 CMakeFiles/Dust_InfantryRobotChassis.elf.dir/ThirdParty/FreeRTOS/Source/timers.c.obj
                0x00000000080045d8                xTimerCreateTimerTask
 .text.xTimerGenericCommand
                0x000000000800463c       0x6c CMakeFiles/Dust_InfantryRobotChassis.elf.dir/ThirdParty/FreeRTOS/Source/timers.c.obj
                0x000000000800463c                xTimerGenericCommand
 .text.prvSwitchTimerLists
                0x00000000080046a8       0x7c CMakeFiles/Dust_InfantryRobotChassis.elf.dir/ThirdParty/FreeRTOS/Source/timers.c.obj
 .text.prvSampleTimeNow
                0x0000000008004724       0x2c CMakeFiles/Dust_InfantryRobotChassis.elf.dir/ThirdParty/FreeRTOS/Source/timers.c.obj
 .text.prvProcessExpiredTimer
                0x0000000008004750       0x6c CMakeFiles/Dust_InfantryRobotChassis.elf.dir/ThirdParty/FreeRTOS/Source/timers.c.obj
 .text.prvProcessTimerOrBlockTask
                0x00000000080047bc       0x78 CMakeFiles/Dust_InfantryRobotChassis.elf.dir/ThirdParty/FreeRTOS/Source/timers.c.obj
 .text.prvProcessReceivedCommands
                0x0000000008004834      0x10c CMakeFiles/Dust_InfantryRobotChassis.elf.dir/ThirdParty/FreeRTOS/Source/timers.c.obj
 .text.prvTimerTask
                0x0000000008004940       0x16 CMakeFiles/Dust_InfantryRobotChassis.elf.dir/ThirdParty/FreeRTOS/Source/timers.c.obj
 *fill*         0x0000000008004956        0x2 
 .text.xTimerPendFunctionCallFromISR
                0x0000000008004958       0x28 CMakeFiles/Dust_InfantryRobotChassis.elf.dir/ThirdParty/FreeRTOS/Source/timers.c.obj
                0x0000000008004958                xTimerPendFunctionCallFromISR
 .text._GetAvailWriteSpace
                0x0000000008004980       0x18 CMakeFiles/Dust_InfantryRobotChassis.elf.dir/ThirdParty/SEGGER/RTT/SEGGER_RTT.c.obj
 .text._WriteNoCheck
                0x0000000008004998       0x4c CMakeFiles/Dust_InfantryRobotChassis.elf.dir/ThirdParty/SEGGER/RTT/SEGGER_RTT.c.obj
 .text._WriteBlocking
                0x00000000080049e4       0x62 CMakeFiles/Dust_InfantryRobotChassis.elf.dir/ThirdParty/SEGGER/RTT/SEGGER_RTT.c.obj
 *fill*         0x0000000008004a46        0x2 
 .text._DoInit  0x0000000008004a48       0x6c CMakeFiles/Dust_InfantryRobotChassis.elf.dir/ThirdParty/SEGGER/RTT/SEGGER_RTT.c.obj
 .text.SEGGER_RTT_WriteNoLock
                0x0000000008004ab4       0x6c CMakeFiles/Dust_InfantryRobotChassis.elf.dir/ThirdParty/SEGGER/RTT/SEGGER_RTT.c.obj
                0x0000000008004ab4                SEGGER_RTT_WriteNoLock
 .text.SEGGER_RTT_Write
                0x0000000008004b20       0x34 CMakeFiles/Dust_InfantryRobotChassis.elf.dir/ThirdParty/SEGGER/RTT/SEGGER_RTT.c.obj
                0x0000000008004b20                SEGGER_RTT_Write
 .text._StoreChar
                0x0000000008004b54       0x40 CMakeFiles/Dust_InfantryRobotChassis.elf.dir/ThirdParty/SEGGER/RTT/SEGGER_RTT_printf.c.obj
 .text._PrintUnsigned
                0x0000000008004b94       0xd4 CMakeFiles/Dust_InfantryRobotChassis.elf.dir/ThirdParty/SEGGER/RTT/SEGGER_RTT_printf.c.obj
 .text._PrintInt
                0x0000000008004c68       0xe2 CMakeFiles/Dust_InfantryRobotChassis.elf.dir/ThirdParty/SEGGER/RTT/SEGGER_RTT_printf.c.obj
 *fill*         0x0000000008004d4a        0x2 
 .text.SEGGER_RTT_vprintf
                0x0000000008004d4c      0x1ec CMakeFiles/Dust_InfantryRobotChassis.elf.dir/ThirdParty/SEGGER/RTT/SEGGER_RTT_printf.c.obj
                0x0000000008004d4c                SEGGER_RTT_vprintf
 .text.SEGGER_RTT_printf
                0x0000000008004f38       0x1e CMakeFiles/Dust_InfantryRobotChassis.elf.dir/ThirdParty/SEGGER/RTT/SEGGER_RTT_printf.c.obj
                0x0000000008004f38                SEGGER_RTT_printf
 *fill*         0x0000000008004f56        0x2 
 .text.HAL_Init
                0x0000000008004f58       0x5c CMakeFiles/Dust_InfantryRobotChassis.elf.dir/ThirdParty/STM32H7xx_HAL_Driver/Src/stm32h7xx_hal.c.obj
                0x0000000008004f58                HAL_Init
 .text.HAL_IncTick
                0x0000000008004fb4       0x18 CMakeFiles/Dust_InfantryRobotChassis.elf.dir/ThirdParty/STM32H7xx_HAL_Driver/Src/stm32h7xx_hal.c.obj
                0x0000000008004fb4                HAL_IncTick
 .text.HAL_GetTick
                0x0000000008004fcc        0xc CMakeFiles/Dust_InfantryRobotChassis.elf.dir/ThirdParty/STM32H7xx_HAL_Driver/Src/stm32h7xx_hal.c.obj
                0x0000000008004fcc                HAL_GetTick
 .text.HAL_Delay
                0x0000000008004fd8       0x28 CMakeFiles/Dust_InfantryRobotChassis.elf.dir/ThirdParty/STM32H7xx_HAL_Driver/Src/stm32h7xx_hal.c.obj
                0x0000000008004fd8                HAL_Delay
 .text.HAL_SYSCFG_AnalogSwitchConfig
                0x0000000008005000       0x14 CMakeFiles/Dust_InfantryRobotChassis.elf.dir/ThirdParty/STM32H7xx_HAL_Driver/Src/stm32h7xx_hal.c.obj
                0x0000000008005000                HAL_SYSCFG_AnalogSwitchConfig
 .text.HAL_NVIC_SetPriorityGrouping
                0x0000000008005014       0x24 CMakeFiles/Dust_InfantryRobotChassis.elf.dir/ThirdParty/STM32H7xx_HAL_Driver/Src/stm32h7xx_hal_cortex.c.obj
                0x0000000008005014                HAL_NVIC_SetPriorityGrouping
 .text.HAL_NVIC_SetPriority
                0x0000000008005038       0x6c CMakeFiles/Dust_InfantryRobotChassis.elf.dir/ThirdParty/STM32H7xx_HAL_Driver/Src/stm32h7xx_hal_cortex.c.obj
                0x0000000008005038                HAL_NVIC_SetPriority
 .text.HAL_NVIC_EnableIRQ
                0x00000000080050a4       0x1c CMakeFiles/Dust_InfantryRobotChassis.elf.dir/ThirdParty/STM32H7xx_HAL_Driver/Src/stm32h7xx_hal_cortex.c.obj
                0x00000000080050a4                HAL_NVIC_EnableIRQ
 .text.DMA_CalcBaseAndBitshift
                0x00000000080050c0       0xb4 CMakeFiles/Dust_InfantryRobotChassis.elf.dir/ThirdParty/STM32H7xx_HAL_Driver/Src/stm32h7xx_hal_dma.c.obj
 .text.DMA_CheckFifoParam
                0x0000000008005174       0x92 CMakeFiles/Dust_InfantryRobotChassis.elf.dir/ThirdParty/STM32H7xx_HAL_Driver/Src/stm32h7xx_hal_dma.c.obj
 *fill*         0x0000000008005206        0x2 
 .text.DMA_CalcDMAMUXChannelBaseAndMask
                0x0000000008005208       0xb0 CMakeFiles/Dust_InfantryRobotChassis.elf.dir/ThirdParty/STM32H7xx_HAL_Driver/Src/stm32h7xx_hal_dma.c.obj
 .text.DMA_CalcDMAMUXRequestGenBaseAndMask
                0x00000000080052b8       0x7c CMakeFiles/Dust_InfantryRobotChassis.elf.dir/ThirdParty/STM32H7xx_HAL_Driver/Src/stm32h7xx_hal_dma.c.obj
 .text.HAL_DMA_Init
                0x0000000008005334      0x394 CMakeFiles/Dust_InfantryRobotChassis.elf.dir/ThirdParty/STM32H7xx_HAL_Driver/Src/stm32h7xx_hal_dma.c.obj
                0x0000000008005334                HAL_DMA_Init
 .text.HAL_DMA_Abort
                0x00000000080056c8      0x340 CMakeFiles/Dust_InfantryRobotChassis.elf.dir/ThirdParty/STM32H7xx_HAL_Driver/Src/stm32h7xx_hal_dma.c.obj
                0x00000000080056c8                HAL_DMA_Abort
 .text.HAL_DMA_Abort_IT
                0x0000000008005a08      0x270 CMakeFiles/Dust_InfantryRobotChassis.elf.dir/ThirdParty/STM32H7xx_HAL_Driver/Src/stm32h7xx_hal_dma.c.obj
                0x0000000008005a08                HAL_DMA_Abort_IT
 .text.HAL_DMA_IRQHandler
                0x0000000008005c78      0x738 CMakeFiles/Dust_InfantryRobotChassis.elf.dir/ThirdParty/STM32H7xx_HAL_Driver/Src/stm32h7xx_hal_dma.c.obj
                0x0000000008005c78                HAL_DMA_IRQHandler
 .text.FDCAN_CalcultateRamBlockAddresses
                0x00000000080063b0      0x1d4 CMakeFiles/Dust_InfantryRobotChassis.elf.dir/ThirdParty/STM32H7xx_HAL_Driver/Src/stm32h7xx_hal_fdcan.c.obj
 .text.HAL_FDCAN_Init
                0x0000000008006584      0x294 CMakeFiles/Dust_InfantryRobotChassis.elf.dir/ThirdParty/STM32H7xx_HAL_Driver/Src/stm32h7xx_hal_fdcan.c.obj
                0x0000000008006584                HAL_FDCAN_Init
 .text.HAL_FDCAN_ClockCalibrationCallback
                0x0000000008006818        0x2 CMakeFiles/Dust_InfantryRobotChassis.elf.dir/ThirdParty/STM32H7xx_HAL_Driver/Src/stm32h7xx_hal_fdcan.c.obj
                0x0000000008006818                HAL_FDCAN_ClockCalibrationCallback
 .text.HAL_FDCAN_TxEventFifoCallback
                0x000000000800681a        0x2 CMakeFiles/Dust_InfantryRobotChassis.elf.dir/ThirdParty/STM32H7xx_HAL_Driver/Src/stm32h7xx_hal_fdcan.c.obj
                0x000000000800681a                HAL_FDCAN_TxEventFifoCallback
 .text.HAL_FDCAN_RxFifo0Callback
                0x000000000800681c        0x2 CMakeFiles/Dust_InfantryRobotChassis.elf.dir/ThirdParty/STM32H7xx_HAL_Driver/Src/stm32h7xx_hal_fdcan.c.obj
                0x000000000800681c                HAL_FDCAN_RxFifo0Callback
 .text.HAL_FDCAN_RxFifo1Callback
                0x000000000800681e        0x2 CMakeFiles/Dust_InfantryRobotChassis.elf.dir/ThirdParty/STM32H7xx_HAL_Driver/Src/stm32h7xx_hal_fdcan.c.obj
                0x000000000800681e                HAL_FDCAN_RxFifo1Callback
 .text.HAL_FDCAN_TxFifoEmptyCallback
                0x0000000008006820        0x2 CMakeFiles/Dust_InfantryRobotChassis.elf.dir/ThirdParty/STM32H7xx_HAL_Driver/Src/stm32h7xx_hal_fdcan.c.obj
                0x0000000008006820                HAL_FDCAN_TxFifoEmptyCallback
 .text.HAL_FDCAN_TxBufferCompleteCallback
                0x0000000008006822        0x2 CMakeFiles/Dust_InfantryRobotChassis.elf.dir/ThirdParty/STM32H7xx_HAL_Driver/Src/stm32h7xx_hal_fdcan.c.obj
                0x0000000008006822                HAL_FDCAN_TxBufferCompleteCallback
 .text.HAL_FDCAN_TxBufferAbortCallback
                0x0000000008006824        0x2 CMakeFiles/Dust_InfantryRobotChassis.elf.dir/ThirdParty/STM32H7xx_HAL_Driver/Src/stm32h7xx_hal_fdcan.c.obj
                0x0000000008006824                HAL_FDCAN_TxBufferAbortCallback
 .text.HAL_FDCAN_RxBufferNewMessageCallback
                0x0000000008006826        0x2 CMakeFiles/Dust_InfantryRobotChassis.elf.dir/ThirdParty/STM32H7xx_HAL_Driver/Src/stm32h7xx_hal_fdcan.c.obj
                0x0000000008006826                HAL_FDCAN_RxBufferNewMessageCallback
 .text.HAL_FDCAN_TimestampWraparoundCallback
                0x0000000008006828        0x2 CMakeFiles/Dust_InfantryRobotChassis.elf.dir/ThirdParty/STM32H7xx_HAL_Driver/Src/stm32h7xx_hal_fdcan.c.obj
                0x0000000008006828                HAL_FDCAN_TimestampWraparoundCallback
 .text.HAL_FDCAN_TimeoutOccurredCallback
                0x000000000800682a        0x2 CMakeFiles/Dust_InfantryRobotChassis.elf.dir/ThirdParty/STM32H7xx_HAL_Driver/Src/stm32h7xx_hal_fdcan.c.obj
                0x000000000800682a                HAL_FDCAN_TimeoutOccurredCallback
 .text.HAL_FDCAN_HighPriorityMessageCallback
                0x000000000800682c        0x2 CMakeFiles/Dust_InfantryRobotChassis.elf.dir/ThirdParty/STM32H7xx_HAL_Driver/Src/stm32h7xx_hal_fdcan.c.obj
                0x000000000800682c                HAL_FDCAN_HighPriorityMessageCallback
 .text.HAL_FDCAN_ErrorCallback
                0x000000000800682e        0x2 CMakeFiles/Dust_InfantryRobotChassis.elf.dir/ThirdParty/STM32H7xx_HAL_Driver/Src/stm32h7xx_hal_fdcan.c.obj
                0x000000000800682e                HAL_FDCAN_ErrorCallback
 .text.HAL_FDCAN_ErrorStatusCallback
                0x0000000008006830        0x2 CMakeFiles/Dust_InfantryRobotChassis.elf.dir/ThirdParty/STM32H7xx_HAL_Driver/Src/stm32h7xx_hal_fdcan.c.obj
                0x0000000008006830                HAL_FDCAN_ErrorStatusCallback
 .text.HAL_FDCAN_TT_ScheduleSyncCallback
                0x0000000008006832        0x2 CMakeFiles/Dust_InfantryRobotChassis.elf.dir/ThirdParty/STM32H7xx_HAL_Driver/Src/stm32h7xx_hal_fdcan.c.obj
                0x0000000008006832                HAL_FDCAN_TT_ScheduleSyncCallback
 .text.HAL_FDCAN_TT_TimeMarkCallback
                0x0000000008006834        0x2 CMakeFiles/Dust_InfantryRobotChassis.elf.dir/ThirdParty/STM32H7xx_HAL_Driver/Src/stm32h7xx_hal_fdcan.c.obj
                0x0000000008006834                HAL_FDCAN_TT_TimeMarkCallback
 .text.HAL_FDCAN_TT_StopWatchCallback
                0x0000000008006836        0x2 CMakeFiles/Dust_InfantryRobotChassis.elf.dir/ThirdParty/STM32H7xx_HAL_Driver/Src/stm32h7xx_hal_fdcan.c.obj
                0x0000000008006836                HAL_FDCAN_TT_StopWatchCallback
 .text.HAL_FDCAN_TT_GlobalTimeCallback
                0x0000000008006838        0x2 CMakeFiles/Dust_InfantryRobotChassis.elf.dir/ThirdParty/STM32H7xx_HAL_Driver/Src/stm32h7xx_hal_fdcan.c.obj
                0x0000000008006838                HAL_FDCAN_TT_GlobalTimeCallback
 *fill*         0x000000000800683a        0x2 
 .text.HAL_FDCAN_IRQHandler
                0x000000000800683c      0x31c CMakeFiles/Dust_InfantryRobotChassis.elf.dir/ThirdParty/STM32H7xx_HAL_Driver/Src/stm32h7xx_hal_fdcan.c.obj
                0x000000000800683c                HAL_FDCAN_IRQHandler
 .text.HAL_GPIO_Init
                0x0000000008006b58      0x214 CMakeFiles/Dust_InfantryRobotChassis.elf.dir/ThirdParty/STM32H7xx_HAL_Driver/Src/stm32h7xx_hal_gpio.c.obj
                0x0000000008006b58                HAL_GPIO_Init
 .text.HAL_GPIO_WritePin
                0x0000000008006d6c        0xc CMakeFiles/Dust_InfantryRobotChassis.elf.dir/ThirdParty/STM32H7xx_HAL_Driver/Src/stm32h7xx_hal_gpio.c.obj
                0x0000000008006d6c                HAL_GPIO_WritePin
 .text.HAL_GPIO_EXTI_Callback
                0x0000000008006d78        0x2 CMakeFiles/Dust_InfantryRobotChassis.elf.dir/ThirdParty/STM32H7xx_HAL_Driver/Src/stm32h7xx_hal_gpio.c.obj
                0x0000000008006d78                HAL_GPIO_EXTI_Callback
 .text.HAL_GPIO_EXTI_IRQHandler
                0x0000000008006d7a       0x1e CMakeFiles/Dust_InfantryRobotChassis.elf.dir/ThirdParty/STM32H7xx_HAL_Driver/Src/stm32h7xx_hal_gpio.c.obj
                0x0000000008006d7a                HAL_GPIO_EXTI_IRQHandler
 .text.PCD_WriteEmptyTxFifo
                0x0000000008006d98       0xd0 CMakeFiles/Dust_InfantryRobotChassis.elf.dir/ThirdParty/STM32H7xx_HAL_Driver/Src/stm32h7xx_hal_pcd.c.obj
 .text.HAL_PCD_Init
                0x0000000008006e68      0x102 CMakeFiles/Dust_InfantryRobotChassis.elf.dir/ThirdParty/STM32H7xx_HAL_Driver/Src/stm32h7xx_hal_pcd.c.obj
                0x0000000008006e68                HAL_PCD_Init
 .text.HAL_PCD_Start
                0x0000000008006f6a       0x44 CMakeFiles/Dust_InfantryRobotChassis.elf.dir/ThirdParty/STM32H7xx_HAL_Driver/Src/stm32h7xx_hal_pcd.c.obj
                0x0000000008006f6a                HAL_PCD_Start
 *fill*         0x0000000008006fae        0x2 
 .text.PCD_EP_OutXfrComplete_int
                0x0000000008006fb0      0x104 CMakeFiles/Dust_InfantryRobotChassis.elf.dir/ThirdParty/STM32H7xx_HAL_Driver/Src/stm32h7xx_hal_pcd.c.obj
 .text.PCD_EP_OutSetupPacket_int
                0x00000000080070b4       0x50 CMakeFiles/Dust_InfantryRobotChassis.elf.dir/ThirdParty/STM32H7xx_HAL_Driver/Src/stm32h7xx_hal_pcd.c.obj
 .text.HAL_PCD_SetAddress
                0x0000000008007104       0x26 CMakeFiles/Dust_InfantryRobotChassis.elf.dir/ThirdParty/STM32H7xx_HAL_Driver/Src/stm32h7xx_hal_pcd.c.obj
                0x0000000008007104                HAL_PCD_SetAddress
 .text.HAL_PCD_EP_Open
                0x000000000800712a       0x8c CMakeFiles/Dust_InfantryRobotChassis.elf.dir/ThirdParty/STM32H7xx_HAL_Driver/Src/stm32h7xx_hal_pcd.c.obj
                0x000000000800712a                HAL_PCD_EP_Open
 .text.HAL_PCD_EP_Close
                0x00000000080071b6       0x70 CMakeFiles/Dust_InfantryRobotChassis.elf.dir/ThirdParty/STM32H7xx_HAL_Driver/Src/stm32h7xx_hal_pcd.c.obj
                0x00000000080071b6                HAL_PCD_EP_Close
 .text.HAL_PCD_EP_Receive
                0x0000000008007226       0x4a CMakeFiles/Dust_InfantryRobotChassis.elf.dir/ThirdParty/STM32H7xx_HAL_Driver/Src/stm32h7xx_hal_pcd.c.obj
                0x0000000008007226                HAL_PCD_EP_Receive
 .text.HAL_PCD_EP_GetRxCount
                0x0000000008007270       0x12 CMakeFiles/Dust_InfantryRobotChassis.elf.dir/ThirdParty/STM32H7xx_HAL_Driver/Src/stm32h7xx_hal_pcd.c.obj
                0x0000000008007270                HAL_PCD_EP_GetRxCount
 .text.HAL_PCD_EP_Transmit
                0x0000000008007282       0x4a CMakeFiles/Dust_InfantryRobotChassis.elf.dir/ThirdParty/STM32H7xx_HAL_Driver/Src/stm32h7xx_hal_pcd.c.obj
                0x0000000008007282                HAL_PCD_EP_Transmit
 .text.HAL_PCD_EP_SetStall
                0x00000000080072cc       0x86 CMakeFiles/Dust_InfantryRobotChassis.elf.dir/ThirdParty/STM32H7xx_HAL_Driver/Src/stm32h7xx_hal_pcd.c.obj
                0x00000000080072cc                HAL_PCD_EP_SetStall
 .text.HAL_PCD_EP_ClrStall
                0x0000000008007352       0x74 CMakeFiles/Dust_InfantryRobotChassis.elf.dir/ThirdParty/STM32H7xx_HAL_Driver/Src/stm32h7xx_hal_pcd.c.obj
                0x0000000008007352                HAL_PCD_EP_ClrStall
 .text.HAL_PCD_EP_Abort
                0x00000000080073c6       0x34 CMakeFiles/Dust_InfantryRobotChassis.elf.dir/ThirdParty/STM32H7xx_HAL_Driver/Src/stm32h7xx_hal_pcd.c.obj
                0x00000000080073c6                HAL_PCD_EP_Abort
 .text.HAL_PCD_IRQHandler
                0x00000000080073fa      0x5fc CMakeFiles/Dust_InfantryRobotChassis.elf.dir/ThirdParty/STM32H7xx_HAL_Driver/Src/stm32h7xx_hal_pcd.c.obj
                0x00000000080073fa                HAL_PCD_IRQHandler
 .text.HAL_PCDEx_SetTxFiFo
                0x00000000080079f6       0x4c CMakeFiles/Dust_InfantryRobotChassis.elf.dir/ThirdParty/STM32H7xx_HAL_Driver/Src/stm32h7xx_hal_pcd_ex.c.obj
                0x00000000080079f6                HAL_PCDEx_SetTxFiFo
 .text.HAL_PCDEx_SetRxFiFo
                0x0000000008007a42        0x8 CMakeFiles/Dust_InfantryRobotChassis.elf.dir/ThirdParty/STM32H7xx_HAL_Driver/Src/stm32h7xx_hal_pcd_ex.c.obj
                0x0000000008007a42                HAL_PCDEx_SetRxFiFo
 *fill*         0x0000000008007a4a        0x2 
 .text.HAL_PCDEx_ActivateLPM
                0x0000000008007a4c       0x28 CMakeFiles/Dust_InfantryRobotChassis.elf.dir/ThirdParty/STM32H7xx_HAL_Driver/Src/stm32h7xx_hal_pcd_ex.c.obj
                0x0000000008007a4c                HAL_PCDEx_ActivateLPM
 .text.HAL_PCDEx_LPM_Callback
                0x0000000008007a74        0x2 CMakeFiles/Dust_InfantryRobotChassis.elf.dir/ThirdParty/STM32H7xx_HAL_Driver/Src/stm32h7xx_hal_pcd_ex.c.obj
                0x0000000008007a74                HAL_PCDEx_LPM_Callback
 *fill*         0x0000000008007a76        0x2 
 .text.HAL_PWREx_ConfigSupply
                0x0000000008007a78       0x54 CMakeFiles/Dust_InfantryRobotChassis.elf.dir/ThirdParty/STM32H7xx_HAL_Driver/Src/stm32h7xx_hal_pwr_ex.c.obj
                0x0000000008007a78                HAL_PWREx_ConfigSupply
 .text.HAL_PWREx_EnableUSBVoltageDetector
                0x0000000008007acc       0x10 CMakeFiles/Dust_InfantryRobotChassis.elf.dir/ThirdParty/STM32H7xx_HAL_Driver/Src/stm32h7xx_hal_pwr_ex.c.obj
                0x0000000008007acc                HAL_PWREx_EnableUSBVoltageDetector
 .text.HAL_RCC_OscConfig
                0x0000000008007adc      0x5ec CMakeFiles/Dust_InfantryRobotChassis.elf.dir/ThirdParty/STM32H7xx_HAL_Driver/Src/stm32h7xx_hal_rcc.c.obj
                0x0000000008007adc                HAL_RCC_OscConfig
 .text.HAL_RCC_GetSysClockFreq
                0x00000000080080c8      0x1f4 CMakeFiles/Dust_InfantryRobotChassis.elf.dir/ThirdParty/STM32H7xx_HAL_Driver/Src/stm32h7xx_hal_rcc.c.obj
                0x00000000080080c8                HAL_RCC_GetSysClockFreq
 .text.HAL_RCC_ClockConfig
                0x00000000080082bc      0x294 CMakeFiles/Dust_InfantryRobotChassis.elf.dir/ThirdParty/STM32H7xx_HAL_Driver/Src/stm32h7xx_hal_rcc.c.obj
                0x00000000080082bc                HAL_RCC_ClockConfig
 .text.HAL_RCC_GetHCLKFreq
                0x0000000008008550       0x44 CMakeFiles/Dust_InfantryRobotChassis.elf.dir/ThirdParty/STM32H7xx_HAL_Driver/Src/stm32h7xx_hal_rcc.c.obj
                0x0000000008008550                HAL_RCC_GetHCLKFreq
 .text.HAL_RCC_GetPCLK1Freq
                0x0000000008008594       0x24 CMakeFiles/Dust_InfantryRobotChassis.elf.dir/ThirdParty/STM32H7xx_HAL_Driver/Src/stm32h7xx_hal_rcc.c.obj
                0x0000000008008594                HAL_RCC_GetPCLK1Freq
 .text.HAL_RCC_GetPCLK2Freq
                0x00000000080085b8       0x24 CMakeFiles/Dust_InfantryRobotChassis.elf.dir/ThirdParty/STM32H7xx_HAL_Driver/Src/stm32h7xx_hal_rcc.c.obj
                0x00000000080085b8                HAL_RCC_GetPCLK2Freq
 .text.HAL_RCC_GetClockConfig
                0x00000000080085dc       0x54 CMakeFiles/Dust_InfantryRobotChassis.elf.dir/ThirdParty/STM32H7xx_HAL_Driver/Src/stm32h7xx_hal_rcc.c.obj
                0x00000000080085dc                HAL_RCC_GetClockConfig
 .text.RCCEx_PLL2_Config
                0x0000000008008630      0x10c CMakeFiles/Dust_InfantryRobotChassis.elf.dir/ThirdParty/STM32H7xx_HAL_Driver/Src/stm32h7xx_hal_rcc_ex.c.obj
 .text.RCCEx_PLL3_Config
                0x000000000800873c      0x10c CMakeFiles/Dust_InfantryRobotChassis.elf.dir/ThirdParty/STM32H7xx_HAL_Driver/Src/stm32h7xx_hal_rcc_ex.c.obj
 .text.HAL_RCCEx_PeriphCLKConfig
                0x0000000008008848      0xa0c CMakeFiles/Dust_InfantryRobotChassis.elf.dir/ThirdParty/STM32H7xx_HAL_Driver/Src/stm32h7xx_hal_rcc_ex.c.obj
                0x0000000008008848                HAL_RCCEx_PeriphCLKConfig
 .text.HAL_RCCEx_GetD3PCLK1Freq
                0x0000000008009254       0x24 CMakeFiles/Dust_InfantryRobotChassis.elf.dir/ThirdParty/STM32H7xx_HAL_Driver/Src/stm32h7xx_hal_rcc_ex.c.obj
                0x0000000008009254                HAL_RCCEx_GetD3PCLK1Freq
 .text.HAL_RCCEx_GetPLL2ClockFreq
                0x0000000008009278      0x1f8 CMakeFiles/Dust_InfantryRobotChassis.elf.dir/ThirdParty/STM32H7xx_HAL_Driver/Src/stm32h7xx_hal_rcc_ex.c.obj
                0x0000000008009278                HAL_RCCEx_GetPLL2ClockFreq
 .text.HAL_RCCEx_GetPLL3ClockFreq
                0x0000000008009470      0x1f8 CMakeFiles/Dust_InfantryRobotChassis.elf.dir/ThirdParty/STM32H7xx_HAL_Driver/Src/stm32h7xx_hal_rcc_ex.c.obj
                0x0000000008009470                HAL_RCCEx_GetPLL3ClockFreq
 .text.SPI_GetPacketSize
                0x0000000008009668       0x10 CMakeFiles/Dust_InfantryRobotChassis.elf.dir/ThirdParty/STM32H7xx_HAL_Driver/Src/stm32h7xx_hal_spi.c.obj
 .text.HAL_SPI_Init
                0x0000000008009678      0x190 CMakeFiles/Dust_InfantryRobotChassis.elf.dir/ThirdParty/STM32H7xx_HAL_Driver/Src/stm32h7xx_hal_spi.c.obj
                0x0000000008009678                HAL_SPI_Init
 .text.TIM_OC1_SetConfig
                0x0000000008009808       0xa8 CMakeFiles/Dust_InfantryRobotChassis.elf.dir/ThirdParty/STM32H7xx_HAL_Driver/Src/stm32h7xx_hal_tim.c.obj
 .text.TIM_OC3_SetConfig
                0x00000000080098b0       0x94 CMakeFiles/Dust_InfantryRobotChassis.elf.dir/ThirdParty/STM32H7xx_HAL_Driver/Src/stm32h7xx_hal_tim.c.obj
 .text.TIM_OC4_SetConfig
                0x0000000008009944       0x74 CMakeFiles/Dust_InfantryRobotChassis.elf.dir/ThirdParty/STM32H7xx_HAL_Driver/Src/stm32h7xx_hal_tim.c.obj
 .text.TIM_OC5_SetConfig
                0x00000000080099b8       0x74 CMakeFiles/Dust_InfantryRobotChassis.elf.dir/ThirdParty/STM32H7xx_HAL_Driver/Src/stm32h7xx_hal_tim.c.obj
 .text.TIM_OC6_SetConfig
                0x0000000008009a2c       0x74 CMakeFiles/Dust_InfantryRobotChassis.elf.dir/ThirdParty/STM32H7xx_HAL_Driver/Src/stm32h7xx_hal_tim.c.obj
 .text.HAL_TIM_Base_MspInit
                0x0000000008009aa0        0x2 CMakeFiles/Dust_InfantryRobotChassis.elf.dir/ThirdParty/STM32H7xx_HAL_Driver/Src/stm32h7xx_hal_tim.c.obj
                0x0000000008009aa0                HAL_TIM_Base_MspInit
 *fill*         0x0000000008009aa2        0x2 
 .text.HAL_TIM_Base_Start_IT
                0x0000000008009aa4       0xa0 CMakeFiles/Dust_InfantryRobotChassis.elf.dir/ThirdParty/STM32H7xx_HAL_Driver/Src/stm32h7xx_hal_tim.c.obj
                0x0000000008009aa4                HAL_TIM_Base_Start_IT
 .text.HAL_TIM_OC_DelayElapsedCallback
                0x0000000008009b44        0x2 CMakeFiles/Dust_InfantryRobotChassis.elf.dir/ThirdParty/STM32H7xx_HAL_Driver/Src/stm32h7xx_hal_tim.c.obj
                0x0000000008009b44                HAL_TIM_OC_DelayElapsedCallback
 .text.HAL_TIM_IC_CaptureCallback
                0x0000000008009b46        0x2 CMakeFiles/Dust_InfantryRobotChassis.elf.dir/ThirdParty/STM32H7xx_HAL_Driver/Src/stm32h7xx_hal_tim.c.obj
                0x0000000008009b46                HAL_TIM_IC_CaptureCallback
 .text.HAL_TIM_PWM_PulseFinishedCallback
                0x0000000008009b48        0x2 CMakeFiles/Dust_InfantryRobotChassis.elf.dir/ThirdParty/STM32H7xx_HAL_Driver/Src/stm32h7xx_hal_tim.c.obj
                0x0000000008009b48                HAL_TIM_PWM_PulseFinishedCallback
 .text.HAL_TIM_TriggerCallback
                0x0000000008009b4a        0x2 CMakeFiles/Dust_InfantryRobotChassis.elf.dir/ThirdParty/STM32H7xx_HAL_Driver/Src/stm32h7xx_hal_tim.c.obj
                0x0000000008009b4a                HAL_TIM_TriggerCallback
 .text.HAL_TIM_IRQHandler
                0x0000000008009b4c      0x17a CMakeFiles/Dust_InfantryRobotChassis.elf.dir/ThirdParty/STM32H7xx_HAL_Driver/Src/stm32h7xx_hal_tim.c.obj
                0x0000000008009b4c                HAL_TIM_IRQHandler
 *fill*         0x0000000008009cc6        0x2 
 .text.TIM_Base_SetConfig
                0x0000000008009cc8      0x120 CMakeFiles/Dust_InfantryRobotChassis.elf.dir/ThirdParty/STM32H7xx_HAL_Driver/Src/stm32h7xx_hal_tim.c.obj
                0x0000000008009cc8                TIM_Base_SetConfig
 .text.HAL_TIM_Base_Init
                0x0000000008009de8       0x60 CMakeFiles/Dust_InfantryRobotChassis.elf.dir/ThirdParty/STM32H7xx_HAL_Driver/Src/stm32h7xx_hal_tim.c.obj
                0x0000000008009de8                HAL_TIM_Base_Init
 .text.HAL_TIM_PWM_Init
                0x0000000008009e48       0x60 CMakeFiles/Dust_InfantryRobotChassis.elf.dir/ThirdParty/STM32H7xx_HAL_Driver/Src/stm32h7xx_hal_tim.c.obj
                0x0000000008009e48                HAL_TIM_PWM_Init
 .text.TIM_OC2_SetConfig
                0x0000000008009ea8       0x94 CMakeFiles/Dust_InfantryRobotChassis.elf.dir/ThirdParty/STM32H7xx_HAL_Driver/Src/stm32h7xx_hal_tim.c.obj
                0x0000000008009ea8                TIM_OC2_SetConfig
 .text.HAL_TIM_PWM_ConfigChannel
                0x0000000008009f3c      0x13a CMakeFiles/Dust_InfantryRobotChassis.elf.dir/ThirdParty/STM32H7xx_HAL_Driver/Src/stm32h7xx_hal_tim.c.obj
                0x0000000008009f3c                HAL_TIM_PWM_ConfigChannel
 *fill*         0x000000000800a076        0x2 
 .text.HAL_TIMEx_MasterConfigSynchronization
                0x000000000800a078       0xb0 CMakeFiles/Dust_InfantryRobotChassis.elf.dir/ThirdParty/STM32H7xx_HAL_Driver/Src/stm32h7xx_hal_tim_ex.c.obj
                0x000000000800a078                HAL_TIMEx_MasterConfigSynchronization
 .text.HAL_TIMEx_ConfigBreakDeadTime
                0x000000000800a128       0xa0 CMakeFiles/Dust_InfantryRobotChassis.elf.dir/ThirdParty/STM32H7xx_HAL_Driver/Src/stm32h7xx_hal_tim_ex.c.obj
                0x000000000800a128                HAL_TIMEx_ConfigBreakDeadTime
 .text.HAL_TIMEx_CommutCallback
                0x000000000800a1c8        0x2 CMakeFiles/Dust_InfantryRobotChassis.elf.dir/ThirdParty/STM32H7xx_HAL_Driver/Src/stm32h7xx_hal_tim_ex.c.obj
                0x000000000800a1c8                HAL_TIMEx_CommutCallback
 .text.HAL_TIMEx_BreakCallback
                0x000000000800a1ca        0x2 CMakeFiles/Dust_InfantryRobotChassis.elf.dir/ThirdParty/STM32H7xx_HAL_Driver/Src/stm32h7xx_hal_tim_ex.c.obj
                0x000000000800a1ca                HAL_TIMEx_BreakCallback
 .text.HAL_TIMEx_Break2Callback
                0x000000000800a1cc        0x2 CMakeFiles/Dust_InfantryRobotChassis.elf.dir/ThirdParty/STM32H7xx_HAL_Driver/Src/stm32h7xx_hal_tim_ex.c.obj
                0x000000000800a1cc                HAL_TIMEx_Break2Callback
 *fill*         0x000000000800a1ce        0x2 
 .text.UART_EndRxTransfer
                0x000000000800a1d0       0x58 CMakeFiles/Dust_InfantryRobotChassis.elf.dir/ThirdParty/STM32H7xx_HAL_Driver/Src/stm32h7xx_hal_uart.c.obj
 .text.HAL_UART_TxCpltCallback
                0x000000000800a228        0x2 CMakeFiles/Dust_InfantryRobotChassis.elf.dir/ThirdParty/STM32H7xx_HAL_Driver/Src/stm32h7xx_hal_uart.c.obj
                0x000000000800a228                HAL_UART_TxCpltCallback
 .text.UART_EndTransmit_IT
                0x000000000800a22a       0x24 CMakeFiles/Dust_InfantryRobotChassis.elf.dir/ThirdParty/STM32H7xx_HAL_Driver/Src/stm32h7xx_hal_uart.c.obj
 .text.HAL_UART_ErrorCallback
                0x000000000800a24e        0x2 CMakeFiles/Dust_InfantryRobotChassis.elf.dir/ThirdParty/STM32H7xx_HAL_Driver/Src/stm32h7xx_hal_uart.c.obj
                0x000000000800a24e                HAL_UART_ErrorCallback
 .text.UART_DMAAbortOnError
                0x000000000800a250       0x10 CMakeFiles/Dust_InfantryRobotChassis.elf.dir/ThirdParty/STM32H7xx_HAL_Driver/Src/stm32h7xx_hal_uart.c.obj
 .text.HAL_UARTEx_RxEventCallback
                0x000000000800a260        0x2 CMakeFiles/Dust_InfantryRobotChassis.elf.dir/ThirdParty/STM32H7xx_HAL_Driver/Src/stm32h7xx_hal_uart.c.obj
                0x000000000800a260                HAL_UARTEx_RxEventCallback
 *fill*         0x000000000800a262        0x2 
 .text.HAL_UART_IRQHandler
                0x000000000800a264      0x3d4 CMakeFiles/Dust_InfantryRobotChassis.elf.dir/ThirdParty/STM32H7xx_HAL_Driver/Src/stm32h7xx_hal_uart.c.obj
                0x000000000800a264                HAL_UART_IRQHandler
 .text.UART_SetConfig
                0x000000000800a638      0x6bc CMakeFiles/Dust_InfantryRobotChassis.elf.dir/ThirdParty/STM32H7xx_HAL_Driver/Src/stm32h7xx_hal_uart.c.obj
                0x000000000800a638                UART_SetConfig
 .text.UART_AdvFeatureConfig
                0x000000000800acf4       0xca CMakeFiles/Dust_InfantryRobotChassis.elf.dir/ThirdParty/STM32H7xx_HAL_Driver/Src/stm32h7xx_hal_uart.c.obj
                0x000000000800acf4                UART_AdvFeatureConfig
 .text.UART_WaitOnFlagUntilTimeout
                0x000000000800adbe       0xaa CMakeFiles/Dust_InfantryRobotChassis.elf.dir/ThirdParty/STM32H7xx_HAL_Driver/Src/stm32h7xx_hal_uart.c.obj
                0x000000000800adbe                UART_WaitOnFlagUntilTimeout
 .text.UART_CheckIdleState
                0x000000000800ae68       0xca CMakeFiles/Dust_InfantryRobotChassis.elf.dir/ThirdParty/STM32H7xx_HAL_Driver/Src/stm32h7xx_hal_uart.c.obj
                0x000000000800ae68                UART_CheckIdleState
 .text.HAL_UART_Init
                0x000000000800af32       0x66 CMakeFiles/Dust_InfantryRobotChassis.elf.dir/ThirdParty/STM32H7xx_HAL_Driver/Src/stm32h7xx_hal_uart.c.obj
                0x000000000800af32                HAL_UART_Init
 .text.UARTEx_SetNbDataToProcess
                0x000000000800af98       0x4c CMakeFiles/Dust_InfantryRobotChassis.elf.dir/ThirdParty/STM32H7xx_HAL_Driver/Src/stm32h7xx_hal_uart_ex.c.obj
 .text.HAL_UARTEx_WakeupCallback
                0x000000000800afe4        0x2 CMakeFiles/Dust_InfantryRobotChassis.elf.dir/ThirdParty/STM32H7xx_HAL_Driver/Src/stm32h7xx_hal_uart_ex.c.obj
                0x000000000800afe4                HAL_UARTEx_WakeupCallback
 .text.HAL_UARTEx_RxFifoFullCallback
                0x000000000800afe6        0x2 CMakeFiles/Dust_InfantryRobotChassis.elf.dir/ThirdParty/STM32H7xx_HAL_Driver/Src/stm32h7xx_hal_uart_ex.c.obj
                0x000000000800afe6                HAL_UARTEx_RxFifoFullCallback
 .text.HAL_UARTEx_TxFifoEmptyCallback
                0x000000000800afe8        0x2 CMakeFiles/Dust_InfantryRobotChassis.elf.dir/ThirdParty/STM32H7xx_HAL_Driver/Src/stm32h7xx_hal_uart_ex.c.obj
                0x000000000800afe8                HAL_UARTEx_TxFifoEmptyCallback
 .text.HAL_UARTEx_DisableFifoMode
                0x000000000800afea       0x3e CMakeFiles/Dust_InfantryRobotChassis.elf.dir/ThirdParty/STM32H7xx_HAL_Driver/Src/stm32h7xx_hal_uart_ex.c.obj
                0x000000000800afea                HAL_UARTEx_DisableFifoMode
 .text.HAL_UARTEx_SetTxFifoThreshold
                0x000000000800b028       0x4a CMakeFiles/Dust_InfantryRobotChassis.elf.dir/ThirdParty/STM32H7xx_HAL_Driver/Src/stm32h7xx_hal_uart_ex.c.obj
                0x000000000800b028                HAL_UARTEx_SetTxFifoThreshold
 .text.HAL_UARTEx_SetRxFifoThreshold
                0x000000000800b072       0x4a CMakeFiles/Dust_InfantryRobotChassis.elf.dir/ThirdParty/STM32H7xx_HAL_Driver/Src/stm32h7xx_hal_uart_ex.c.obj
                0x000000000800b072                HAL_UARTEx_SetRxFifoThreshold
 .text.USB_CoreReset
                0x000000000800b0bc       0x4a CMakeFiles/Dust_InfantryRobotChassis.elf.dir/ThirdParty/STM32H7xx_HAL_Driver/Src/stm32h7xx_ll_usb.c.obj
 *fill*         0x000000000800b106        0x2 
 .text.USB_CoreInit
                0x000000000800b108       0xa4 CMakeFiles/Dust_InfantryRobotChassis.elf.dir/ThirdParty/STM32H7xx_HAL_Driver/Src/stm32h7xx_ll_usb.c.obj
                0x000000000800b108                USB_CoreInit
 .text.USB_SetTurnaroundTime
                0x000000000800b1ac       0xe4 CMakeFiles/Dust_InfantryRobotChassis.elf.dir/ThirdParty/STM32H7xx_HAL_Driver/Src/stm32h7xx_ll_usb.c.obj
                0x000000000800b1ac                USB_SetTurnaroundTime
 .text.USB_EnableGlobalInt
                0x000000000800b290        0xc CMakeFiles/Dust_InfantryRobotChassis.elf.dir/ThirdParty/STM32H7xx_HAL_Driver/Src/stm32h7xx_ll_usb.c.obj
                0x000000000800b290                USB_EnableGlobalInt
 .text.USB_DisableGlobalInt
                0x000000000800b29c        0xc CMakeFiles/Dust_InfantryRobotChassis.elf.dir/ThirdParty/STM32H7xx_HAL_Driver/Src/stm32h7xx_ll_usb.c.obj
                0x000000000800b29c                USB_DisableGlobalInt
 .text.USB_FlushTxFifo
                0x000000000800b2a8       0x4a CMakeFiles/Dust_InfantryRobotChassis.elf.dir/ThirdParty/STM32H7xx_HAL_Driver/Src/stm32h7xx_ll_usb.c.obj
                0x000000000800b2a8                USB_FlushTxFifo
 .text.USB_FlushRxFifo
                0x000000000800b2f2       0x46 CMakeFiles/Dust_InfantryRobotChassis.elf.dir/ThirdParty/STM32H7xx_HAL_Driver/Src/stm32h7xx_ll_usb.c.obj
                0x000000000800b2f2                USB_FlushRxFifo
 .text.USB_SetDevSpeed
                0x000000000800b338        0xe CMakeFiles/Dust_InfantryRobotChassis.elf.dir/ThirdParty/STM32H7xx_HAL_Driver/Src/stm32h7xx_ll_usb.c.obj
                0x000000000800b338                USB_SetDevSpeed
 *fill*         0x000000000800b346        0x2 
 .text.USB_DevInit
                0x000000000800b348      0x18c CMakeFiles/Dust_InfantryRobotChassis.elf.dir/ThirdParty/STM32H7xx_HAL_Driver/Src/stm32h7xx_ll_usb.c.obj
                0x000000000800b348                USB_DevInit
 .text.USB_GetDevSpeed
                0x000000000800b4d4       0x1e CMakeFiles/Dust_InfantryRobotChassis.elf.dir/ThirdParty/STM32H7xx_HAL_Driver/Src/stm32h7xx_ll_usb.c.obj
                0x000000000800b4d4                USB_GetDevSpeed
 *fill*         0x000000000800b4f2        0x2 
 .text.USB_ActivateEndpoint
                0x000000000800b4f4       0x9c CMakeFiles/Dust_InfantryRobotChassis.elf.dir/ThirdParty/STM32H7xx_HAL_Driver/Src/stm32h7xx_ll_usb.c.obj
                0x000000000800b4f4                USB_ActivateEndpoint
 .text.USB_DeactivateEndpoint
                0x000000000800b590       0xe0 CMakeFiles/Dust_InfantryRobotChassis.elf.dir/ThirdParty/STM32H7xx_HAL_Driver/Src/stm32h7xx_ll_usb.c.obj
                0x000000000800b590                USB_DeactivateEndpoint
 .text.USB_EPStopXfer
                0x000000000800b670       0xbe CMakeFiles/Dust_InfantryRobotChassis.elf.dir/ThirdParty/STM32H7xx_HAL_Driver/Src/stm32h7xx_ll_usb.c.obj
                0x000000000800b670                USB_EPStopXfer
 .text.USB_WritePacket
                0x000000000800b72e       0x2e CMakeFiles/Dust_InfantryRobotChassis.elf.dir/ThirdParty/STM32H7xx_HAL_Driver/Src/stm32h7xx_ll_usb.c.obj
                0x000000000800b72e                USB_WritePacket
 .text.USB_EPStartXfer
                0x000000000800b75c      0x248 CMakeFiles/Dust_InfantryRobotChassis.elf.dir/ThirdParty/STM32H7xx_HAL_Driver/Src/stm32h7xx_ll_usb.c.obj